[propeltech.co.uk/index.html]
[backblue.gif]
[fade.gif]
[index.html]
[propeltech.co.uk/sb/propel-css.css.css]
[propeltech.co.uk/sb/propel-fonts.css.css]
[propeltech.co.uk/assets/favicon.ico]
[propeltech.co.uk/assets/images/favicon/apple-touch-icon.png]
[propeltech.co.uk/assets/images/favicon/favicon-32x32.png]
[propeltech.co.uk/assets/images/favicon/favicon-16x16.png]
[propeltech.co.uk/media/brxpcyd1/strategy-graphic.webp]
[propeltech.co.uk/media/3tyhvfq0/delivery-graphic.webp]
[propeltech.co.uk/media/3pynx3n5/support-graphic.webp]
[propeltech.co.uk/media/x4zf5h5j/ebook-download-xsm.png]
[propeltech.co.uk/assets/images/TechLogos/net-logo.svg]
[propeltech.co.uk/software-development-services/ai-software-consultancy-services/index.html]
[propeltech.co.uk/assets/images/TechLogos/javascript_logo.svg]
[propeltech.co.uk/assets/images/TechLogos/php-logo.svg]
[propeltech.co.uk/assets/images/TechLogos/progress-logo.svg]
[propeltech.co.uk/assets/images/TechLogos/laravel-logo.svg]
[propeltech.co.uk/software-development-services/cloud-consultancy/index.html]
[propeltech.co.uk/assets/images/TechLogos/react-logo.svg]
[propeltech.co.uk/assets/images/TechLogos/react-native-logo.com.svg]
[propeltech.co.uk/assets/images/TechLogos/nativescript-logo.svg]
[propeltech.co.uk/assets/images/TechLogos/nodejs-logo.svg]
[propeltech.co.uk/assets/images/TechLogos/azure-logo.svg]
[propeltech.co.uk/software-development-services/digital-transformation/index.html]
[propeltech.co.uk/assets/images/TechLogos/aws-logo.svg]
[propeltech.co.uk/projects/testimonials.html]
[propeltech.co.uk/software-development-services/application-modernisation/index.html]
[propeltech.co.uk/software-development-services/software-consultancy/index.html]
[propeltech.co.uk/software-development-services/bespoke-software-development/index.html]
[propeltech.co.uk/software-development-services/bespoke-software-systems-migration-services/index.html]
[propeltech.co.uk/propel-tech-csr.html]
[propeltech.co.uk/media/brbhwvwq/propel-video-3.webp]
[propeltech.co.uk/software-development-services/mobile-app-development-services/index.html]
[propeltech.co.uk/media/awadaq2d/sse.webp]
[propeltech.co.uk/software-development-services/software-testing-services/index.html]
[propeltech.co.uk/media/uerbzssm/jcb.webp]
[propeltech.co.uk/media/510j4i2l/your-move.webp]
[propeltech.co.uk/media/uxvdymrc/powerleague.webp]
[propeltech.co.uk/media/dq3bxswn/bosch.webp]
[propeltech.co.uk/software-development-services/systems-integration-services/index.html]
[propeltech.co.uk/media/ap2ndgd0/dhl.webp]
[propeltech.co.uk/assets/images/icons/uk-wide-icon.svg]
[propeltech.co.uk/assets/images/icons/topuk-icon.svg]
[propeltech.co.uk/assets/images/icons/tech-icon.svg]
[propeltech.co.uk/assets/images/icons/icon-idea.svg]
[propeltech.co.uk/software-development-services/web-development-services/index.html]
[propeltech.co.uk/assets/images/icons/icon-modernise.svg]
[propeltech.co.uk/assets/images/icons/icon-cloud-cog.svg]
[propeltech.co.uk/media/sj2el53e/icon-ai.png]
[propeltech.co.uk/software-development-services/application-maintenance-and-support/index.html]
[propeltech.co.uk/assets/images/logos/allsop-logo.svg]
[propeltech.co.uk/assets/images/logos/yourmove-logo.svg]
[propeltech.co.uk/media/qwxoynrt/vanderlande-logo.webp]
[propeltech.co.uk/assets/images/logos/sse-logo.svg]
[propeltech.co.uk/media/f4xbkwe0/wates-logo.webp]
[propeltech.co.uk/software-development-services/cloud-managed-services/index.html]
[propeltech.co.uk/media/daeo4deh/smurfit-westrock-logo.png]
[propeltech.co.uk/assets/images/logos/jcb-logo.svg]
[propeltech.co.uk/assets/images/logos/canal-river-trust-logo.svg]
[propeltech.co.uk/assets/images/logos/powerleague-logo.svg]
[propeltech.co.uk/media/djhn1v1i/main-logo-quickline.webp]
[propeltech.co.uk/software-development-services/software-project-rescue/index.html]
[propeltech.co.uk/media/h4zazxll/groupnexus-logo.webp]
[propeltech.co.uk/media/nnwbhsx2/alexandra-workwear.webp]
[propeltech.co.uk/media/zmvfi0lx/microsoft-partner.webp]
[propeltech.co.uk/software-development-services/hire-developers/index.html]
[propeltech.co.uk/media/midiabyq/crown-commercial-service.webp]
[propeltech.co.uk/media/ensdqmag/istqb-partner.webp]
[propeltech.co.uk/media/n1ajdl2d/aws-partner.webp]
[propeltech.co.uk/media/31yllqyw/cyber-essentials-plus.webp]
[propeltech.co.uk/media/hqyhbf2j/iso-27001.webp]
[propeltech.co.uk/media/y41bqetc/iso-9001.webp]
[propeltech.co.uk/media/ghio2qkm/touran-from-power-league.webp]
[propeltech.co.uk/media/q0lbnxj1/prime-systems.webp]
[propeltech.co.uk/maximise-bespoke-software-value-free-guide/index.html]
[propeltech.co.uk/media/fs0cxpq1/simply-washrooms-van.webp]
[propeltech.co.uk/software-development-services/index.html]
[propeltech.co.uk/media/xfvliwxv/allsop.webp]
[propeltech.co.uk/media/ze1f1uk1/ebook-cover.webp]
[propeltech.co.uk/scripts/svg-animation.js]
[propeltech.co.uk/media/yv4p4zle/microsoft-partner.webp]
[propeltech.co.uk/technologies/index.html]
[propeltech.co.uk/media/xl0dqrns/crown-commercial-service.webp]
[propeltech.co.uk/media/4zdbq5t2/istqb-partner.webp]
[propeltech.co.uk/media/tadhuqcf/aws-partner.webp]
[propeltech.co.uk/media/vqhfp2ez/cyber-essentials-plus.webp]
[propeltech.co.uk/media/xclakq5y/iso-27001.webp]
[propeltech.co.uk/microsoft-dot-net/index.html]
[propeltech.co.uk/media/naii3tho/iso-9001.webp]
[propeltech.co.uk/assets/images/logo-white.svg]
[propeltech.co.uk/graduate-recruitment.html]
[propeltech.co.uk/javascript/index.html]
[propeltech.co.uk/php/index.html]
[propeltech.co.uk/contact-us.html]
[propeltech.co.uk/media/wefbfy2t/the-green-web-foundation.webp]
[propeltech.co.uk/progress-openedge/index.html]
[propeltech.co.uk/media/a24che3i/northern-tech-awards-2024.webp]
[propeltech.co.uk/react-js/index.html]
[cdnjs.cloudflare.com/ajax/libs/bootstrap/5.2.3/js/bootstrap.bundle.min.js]
[propeltech.co.uk/sb/propel-js-global.js.v638835566085051560]
[propeltech.co.uk/index.html]
[propeltech.co.uk/react-native/index.html]
[propeltech.co.uk/nativescript/index.html]
[propeltech.co.uk/laravel/index.html]
[propeltech.co.uk/node-js/index.html]
[propeltech.co.uk/bespoke-software-sector-solutions/index.html]
[propeltech.co.uk/media/benbsohf/circle-play-dark.webp]
[propeltech.co.uk/bespoke-software-sector-solutions/business-services-software/index.html]
[propeltech.co.uk/media/ekpjj0vw/circle-play.webp]
[propeltech.co.uk/assets/images/logo.svg]
[propeltech.co.uk/bespoke-software-sector-solutions/logistic-software-development/index.html]
[propeltech.co.uk/assets/images/Bootstrap-Icons/linkedin.svg]
[propeltech.co.uk/media/vy4gmums/x-twitter-white-svg.webp]
[propeltech.co.uk/assets/images/Bootstrap-Icons/youtube.svg]
[propeltech.co.uk/assets/images/Bootstrap-Icons/chevron-right-red.svg]
[propeltech.co.uk/bespoke-software-sector-solutions/manufacturing-software-solutions/index.html]
[propeltech.co.uk/assets/images/Bootstrap-Icons/chevron-left.svg]
[propeltech.co.uk/bespoke-software-sector-solutions/property-software-development/index.html]
[propeltech.co.uk/assets/images/Bootstrap-Icons/chevron-right.svg]
[propeltech.co.uk/bespoke-software-sector-solutions/bespoke-software-solutions-for-the-uk-utilities-sector/index.html]
[propeltech.co.uk/projects/index.html]
[propeltech.co.uk/assets/images/Bootstrap-Icons/chevron-left-red.svg]
[propeltech.co.uk/assets/images/icons/propel-icon-bg.svg]
[propeltech.co.uk/about-us/index.html]
[propeltech.co.uk/media/dxee132x/propel-icon.webp]
[propeltech.co.uk/media/k0nj0shj/careers-banner.webp]
[propeltech.co.uk/manifesto/index.html]
[propeltech.co.uk/assets/images/icons/li-tick.svg]
[propeltech.co.uk/meet-the-team/index.html]
[propeltech.co.uk/assets/images/manifesto/Code72.jpg]
[propeltech.co.uk/insights/authors/index.html]
[propeltech.co.uk/insights/index.html]
[propeltech.co.uk/guides/index.html]
[propeltech.co.uk/assets/images/banners/transform-banner-sm.webp]
[propeltech.co.uk/newsletter/index.html]
[propeltech.co.uk/assets/images/banners/app-maintenance-banner-sm.webp]
[propeltech.co.uk/insights/publications/index.html]
[propeltech.co.uk/assets/images/banners/bespoke-software-banner-sm.webp]
[propeltech.co.uk/projects/allsop/index.html]
[propeltech.co.uk/projects/your-move/index.html]
[propeltech.co.uk/contact-us/index.html]
[propeltech.co.uk/assets/images/banners/cloud-consultancy-banner-sm.webp]
[propeltech.co.uk/projects/sse-plc/index.html]
[propeltech.co.uk/projects/jcb/index.html]
[propeltech.co.uk/assets/images/banners/cloud-services-banner-sm.webp]
[propeltech.co.uk/projects/powerleague/index.html]
[propeltech.co.uk/assets/images/banners/dotnet-banner-sm.webp]
[propeltech.co.uk/projects/quickline/index.html]
[propeltech.co.uk/projects/mi-hub/index.html]
[propeltech.co.uk/assets/images/banners/javascript-banner-sm.webp]
[propeltech.co.uk/terms-and-conditions/index.html]
[propeltech.co.uk/assets/images/banners/laravel-banner-sm.webp]
[propeltech.co.uk/privacy/index.html]
[propeltech.co.uk/assets/images/banners/mobile-app-banner-sm.webp]
[propeltech.co.uk/assets/images/banners/modernise-banner-sm.webp]
[propeltech.co.uk/assets/images/banners/nativescript-banner-sm.webp]
[propeltech.co.uk/assets/images/banners/node-banner-sm.webp]
[propeltech.co.uk/assets/images/banners/php-banner-sm.webp]
[propeltech.co.uk/assets/images/banners/progress-banner-sm.webp]
[propeltech.co.uk/assets/images/banners/reactjs-banner-sm.webp]
[propeltech.co.uk/assets/images/banners/reactnative-banner-sm.webp]
[propeltech.co.uk/assets/images/banners/rescue-banner-sm.webp]
[propeltech.co.uk/assets/images/banners/resource-banner-sm.webp]
[propeltech.co.uk/assets/images/banners/sofware-consultancy-banner-sm.webp]
[propeltech.co.uk/assets/images/banners/system-integration-banner-sm.webp]
[propeltech.co.uk/assets/images/banners/testing-banner-sm.webp]
[propeltech.co.uk/assets/images/banners/web-development-banner-sm.webp]
[propeltech.co.uk/assets/images/banners/technologies-banner-sm.webp]
[propeltech.co.uk/media/ankewi4b/software-development-banner-sm.webp]
[propeltech.co.uk/media/tnbdpjs1/publications-bg-sm.webp]
[propeltech.co.uk/media/qrzhsowi/ebook-banner-sm.jpg]
[propeltech.co.uk/media/ue5asit2/donate-tech-banner-sm.jpg]
[propeltech.co.uk/media/kbzlcvda/prime-systems-team-sm.webp]
[propeltech.co.uk/media/ru0cvwjk/ai-banner-sm.webp]
[propeltech.co.uk/media/v20p3yz0/manufacturing-banner-sm.webp]
[propeltech.co.uk/media/j2ibubur/sectors-banner-sm.webp]
[propeltech.co.uk/media/5oejmzfe/logistics-banner-sm.webp]
[propeltech.co.uk/media/i0lmrzmi/property-banner-sm.webp]
[propeltech.co.uk/media/b21naxmv/business-banner-sm.webp]
[propeltech.co.uk/media/hmmjn1m3/utilities-banner-sm.webp]
[propeltech.co.uk/assets/images/banners/transform-banner-md.webp]
[propeltech.co.uk/assets/images/banners/app-maintenance-banner-md.webp]
[propeltech.co.uk/assets/images/banners/bespoke-software-banner-md.webp]
[propeltech.co.uk/assets/images/banners/cloud-consultancy-banner-md.webp]
[propeltech.co.uk/assets/images/banners/cloud-services-banner-md.webp]
[propeltech.co.uk/assets/images/banners/dotnet-banner-md.webp]
[propeltech.co.uk/assets/images/banners/javascript-banner-md.webp]
[propeltech.co.uk/assets/images/banners/laravel-banner-md.webp]
[propeltech.co.uk/assets/images/banners/mobile-app-banner-md.webp]
[propeltech.co.uk/assets/images/banners/modernise-banner-md.webp]
[propeltech.co.uk/assets/images/banners/nativescript-banner-md.webp]
[propeltech.co.uk/assets/images/banners/node-banner-md.webp]
[propeltech.co.uk/assets/images/banners/php-banner-md.webp]
[propeltech.co.uk/assets/images/banners/progress-banner-md.webp]
[propeltech.co.uk/assets/images/banners/reactjs-banner-md.webp]
[propeltech.co.uk/assets/images/banners/reactnative-banner-md.webp]
[propeltech.co.uk/assets/images/banners/rescue-banner-md.webp]
[propeltech.co.uk/assets/images/banners/resource-banner-md.webp]
[propeltech.co.uk/assets/images/banners/sofware-consultancy-banner-md.webp]
[propeltech.co.uk/assets/images/banners/system-integration-banner-md.webp]
[propeltech.co.uk/assets/images/banners/testing-banner-md.webp]
[propeltech.co.uk/assets/images/banners/web-development-banner-md.webp]
[propeltech.co.uk/assets/images/banners/technologies-banner-md.webp]
[propeltech.co.uk/media/yqmjrbds/software-development-banner-md.webp]
[propeltech.co.uk/media/5h0bj0pr/ebook-banner-md.jpg]
[propeltech.co.uk/media/hb0ke3f0/donate-tech-banner-md.jpg]
[propeltech.co.uk/media/a4mlztik/prime-systems-team-md.webp]
[propeltech.co.uk/media/jgoa2rbm/publications-bg-md.webp]
[propeltech.co.uk/media/qsyb4jtd/ai-banner-md.webp]
[propeltech.co.uk/media/wthczxt2/manufacturing-banner-md.webp]
[propeltech.co.uk/media/5eohis5g/sectors-banner-md.webp]
[propeltech.co.uk/media/z0tluwc3/logistics-banner-md.webp]
[propeltech.co.uk/media/izbhjtuf/property-banner-md.webp]
[propeltech.co.uk/media/qjqmiguo/business-banner-md.webp]
[propeltech.co.uk/media/xwtn52ae/utilities-banner-md.webp]
[propeltech.co.uk/assets/images/banners/transform-banner-lg.webp]
[propeltech.co.uk/assets/images/banners/app-maintenance-banner-lg.webp]
[propeltech.co.uk/assets/images/banners/bespoke-software-banner-lg.webp]
[propeltech.co.uk/assets/images/banners/cloud-consultancy-banner-lg.webp]
[propeltech.co.uk/assets/images/banners/cloud-services-banner-lg.webp]
[propeltech.co.uk/assets/images/banners/dotnet-banner-lg.webp]
[propeltech.co.uk/assets/images/banners/javascript-banner-lg.webp]
[propeltech.co.uk/assets/images/banners/laravel-banner-lg.webp]
[propeltech.co.uk/assets/images/banners/mobile-app-banner-lg.webp]
[propeltech.co.uk/assets/images/banners/modernise-banner-lg.webp]
[propeltech.co.uk/assets/images/banners/nativescript-banner-lg.webp]
[propeltech.co.uk/assets/images/banners/node-banner-lg.webp]
[propeltech.co.uk/assets/images/banners/php-banner-lg.webp]
[propeltech.co.uk/assets/images/banners/progress-banner-lg.webp]
[propeltech.co.uk/assets/images/banners/reactjs-banner-lg.webp]
[propeltech.co.uk/assets/images/banners/reactnative-banner-lg.webp]
[propeltech.co.uk/assets/images/banners/rescue-banner-lg.webp]
[propeltech.co.uk/assets/images/banners/resource-banner-lg.webp]
[propeltech.co.uk/assets/images/banners/sofware-consultancy-banner-lg.webp]
[propeltech.co.uk/assets/images/banners/system-integration-banner-lg.webp]
[propeltech.co.uk/assets/images/banners/testing-banner-lg.webp]
[propeltech.co.uk/assets/images/banners/web-development-banner-lg.webp]
[propeltech.co.uk/assets/images/banners/technologies-banner-lg.webp]
[propeltech.co.uk/media/mcabcs1d/software-development-banner-lg.webp]
[propeltech.co.uk/media/c2qm2wpp/ebook-banner-lg.jpg]
[propeltech.co.uk/media/ua1dvkr1/donate-tech-banner-lg.jpg]
[propeltech.co.uk/media/idrn5drk/system-migration-banner-lg.jpg]
[propeltech.co.uk/media/ht0kfgs2/prime-systems-team-lg.webp]
[propeltech.co.uk/media/txzf1i1g/publications-bg-lg.webp]
[propeltech.co.uk/media/gkhlwk5c/ai-banner-lg.webp]
[propeltech.co.uk/media/z1alrc0e/manufacturing-banner-lg.webp]
[propeltech.co.uk/media/jmzhxwag/sectors-banner-lg.webp]
[propeltech.co.uk/media/kqvfb0kh/logistics-banner-lg.webp]
[propeltech.co.uk/media/vtuft0hv/property-banner-lg.webp]
[propeltech.co.uk/media/ktjd0fnq/business-banner-lg.webp]
[propeltech.co.uk/media/txybre0o/utilities-banner-lg.webp]
[propeltech.co.uk/assets/images/homebannergraphics/industry-banner-md.webp]
[propeltech.co.uk/assets/images/homebannergraphics/tech-banner-md.webp]
[propeltech.co.uk/assets/images/homebannergraphics/clients-banner-md.webp]
[propeltech.co.uk/assets/images/homebannergraphics/tech-banner-lg.webp]
[propeltech.co.uk/assets/images/homebannergraphics/clients-banner-lg.webp]
[propeltech.co.uk/assets/images/homebannergraphics/industry-banner-lg.webp]
[propeltech.co.uk/assets/images/propel-icon-bg-grey.svg]
[propeltech.co.uk/assets/images/icons/propel-icon-btn.svg]
[propeltech.co.uk/assets/images/Bootstrap-Icons/twitter.svg]
[propeltech.co.uk/media/rnwlpdv0/php-logo-purple.png]
[propeltech.co.uk/media/lwudxcji/javascript-yellow-logo.png]
[propeltech.co.uk/media/sp2ex2lx/net-logo.png]
[propeltech.co.uk/sb/propel-css.css.css]
[propeltech.co.uk/assets/fonts/proxima-nova-700.woff2]
[propeltech.co.uk/assets/fonts/proxima-nova-700.woff]
[propeltech.co.uk/assets/fonts/proxima-nova-300.woff2]
[propeltech.co.uk/assets/fonts/proxima-nova-300.woff]
[propeltech.co.uk/assets/fonts/proxima-nova-500.woff2]
[propeltech.co.uk/sb/propel-fonts.css.css]
[www.googletagmanager.com/gtm5445.html]
[propeltech.co.uk/cdn-cgi/zaraz/sd0d9.js]
[propeltech.co.uk/assets/fonts/proxima-nova-500.woff]
[propeltech.co.uk/assets/images/graphics/lets_talk_graphic.svg]
[propeltech.co.uk/media/qc0nrlpu/brain-graphic.png]
[propeltech.co.uk/media/gevjcurh/ai-focused-software-development-services.webp]
[propeltech.co.uk/assets/images/icons/icon-padlock.svg]
[propeltech.co.uk/assets/images/icons/icon-platform.svg]
[propeltech.co.uk/assets/images/icons/icon-group2.svg]
[propeltech.co.uk/assets/images/icons/icon-switch.svg]
[propeltech.co.uk/assets/images/icons/icon-fixedprice.svg]
[propeltech.co.uk/assets/images/icons/icon-hybrid.svg]
[propeltech.co.uk/assets/images/icons/icon-approach.svg]
[propeltech.co.uk/assets/images/icons/icon-star.svg]
[propeltech.co.uk/assets/images/icons/icon-speed.svg]
[propeltech.co.uk/assets/images/icons/icon-identity.svg]
[propeltech.co.uk/media/cqtl43m5/touran-from-power-league.webp]
[propeltech.co.uk/media/q3elbqlu/icon-play-white.png]
[propeltech.co.uk/media/lbwc23vi/prime-systems.webp]
[propeltech.co.uk/media/xoghhob4/simply-washrooms-van.webp]
[propeltech.co.uk/media/1gqmyp00/blog-image-ai.jpg]
[propeltech.co.uk/software-development-services/ai-software-consultancy-services/index.html]
[propeltech.co.uk/projects/prime-systems/index.html]
[propeltech.co.uk/projects/simply-washrooms/index.html]
[propeltech.co.uk/insight/how-ai-is-revolutionising-proptech-1/index.html]
[propeltech.co.uk/assets/images/graphics/strategy-graphic.svg]
[propeltech.co.uk/assets/images/logos/aws partner badge.png]
[propeltech.co.uk/assets/images/logos/Logo-Microsoft-Azure.png]
[propeltech.co.uk/media/i5gairql/ebook-cover-page.jpg]
[propeltech.co.uk/assets/images/icons/icon-mission.svg]
[propeltech.co.uk/assets/images/icons/icon-file.svg]
[propeltech.co.uk/media/v0ihiizp/allsop8186.jpg]
[propeltech.co.uk/media/tb1hbpdo/allsop-logo-whiteaf24.svg]
[propeltech.co.uk/assets/images/icons/icon-settings.svg]
[propeltech.co.uk/assets/images/featuredcasestudies/powerleague-featured-case-study.webp]
[propeltech.co.uk/assets/images/featuredcasestudies/powerleague.webp]
[propeltech.co.uk/software-development-services/cloud-consultancy/index.html]
[propeltech.co.uk/assets/images/icons/resource-demands-icon.svg]
[propeltech.co.uk/assets/images/icons/customer-expectations-icon.svg]
[propeltech.co.uk/assets/images/icons/change-requirements-icon.svg]
[propeltech.co.uk/assets/images/expand.webp]
[propeltech.co.uk/assets/images/featuredcasestudies/allsop-featured-case-study.webp]
[propeltech.co.uk/assets/images/featuredcasestudies/allsop-logo.webp]
[propeltech.co.uk/software-development-services/digital-transformation/index.html]
[propeltech.co.uk/assets/images/icons/icon-time.svg]
[propeltech.co.uk/assets/images/icons/icon-speach-bubble.svg]
[propeltech.co.uk/media/vijpixgl/ssebab1.jpg]
[propeltech.co.uk/media/vqhfsdho/sselogo-white-svg7568.svg]
[propeltech.co.uk/assets/images/221014_Propel_Misc-001sm.webp]
[propeltech.co.uk/assets/images/icons/icon-first-aid.svg]
[propeltech.co.uk/assets/images/icons/icon-resource.svg]
[propeltech.co.uk/assets/images/featuredcasestudies/dhl-featured-case-study.webp]
[propeltech.co.uk/assets/images/featuredcasestudies/dhl-logo.webp]
[propeltech.co.uk/software-development-services/software-consultancy/index.html]
[propeltech.co.uk/projects/dhl/index.html]
[propeltech.co.uk/assets/images/featuredcasestudies/yourmove-featured-case-study.webp]
[propeltech.co.uk/assets/images/featuredcasestudies/your-move-green-logo.webp]
[propeltech.co.uk/software-development-services/application-modernisation/index.html]
[propeltech.co.uk/assets/images/graphics/delivery-graphic.svg]
[propeltech.co.uk/assets/images/icons/icon-weblist.svg]
[propeltech.co.uk/assets/images/icons/icon-device.svg]
[propeltech.co.uk/assets/images/graphics/integration-red-graphic.svg]
[propeltech.co.uk/assets/images/featuredcasestudies/sse-featured-case-study.webp]
[propeltech.co.uk/assets/images/featuredcasestudies/sselogo-white.webp]
[propeltech.co.uk/software-development-services/bespoke-software-development/index.html]
[propeltech.co.uk/assets/images/icons/icon-user-cycle.svg]
[propeltech.co.uk/media/muzdqekj/your-move6ff7.jpg]
[propeltech.co.uk/media/t3sd0a1f/your-move-green-logo4498.jpg]
[propeltech.co.uk/assets/images/icons/icon-collaborate.svg]
[propeltech.co.uk/assets/images/icons/icon-enhance.svg]
[propeltech.co.uk/assets/images/featuredcasestudies/angling-lines-featured-case-study.webp]
[propeltech.co.uk/assets/images/featuredcasestudies/angling-lines-logo.webp]
[propeltech.co.uk/software-development-services/bespoke-software-systems-migration-services/index.html]
[propeltech.co.uk/media/yxedmi5b/prime-systems.webp]
[propeltech.co.uk/projects/angling-lines/index.html]
[propeltech.co.uk/media/lytm0hcj/prime-systems-logo.webp]
[propeltech.co.uk/assets/images/icons/icon-tick.svg]
[propeltech.co.uk/assets/images/icons/icon-vision.svg]
[propeltech.co.uk/software-development-services/mobile-app-development-services/index.html]
[propeltech.co.uk/media/3sbhypme/mi-hub-uniform.jpg]
[propeltech.co.uk/software-development-services/software-testing-services/index.html]
[propeltech.co.uk/media/yefbdfnu/mi-hub_logo.svg]
[propeltech.co.uk/assets/images/featuredcasestudies/lsl-featured-case-study.webp]
[propeltech.co.uk/assets/images/featuredcasestudies/lslogo.webp]
[propeltech.co.uk/software-development-services/systems-integration-services/index.html]
[propeltech.co.uk/assets/images/icons/icon-database.svg]
[propeltech.co.uk/projects/reeds-rains-lsl/index.html]
[propeltech.co.uk/assets/images/icons/icon-careers.svg]
[propeltech.co.uk/software-development-services/web-development-services/index.html]
[propeltech.co.uk/assets/images/graphics/support-graphic.svg]
[propeltech.co.uk/assets/images/featuredcasestudies/jcb-featured-case-study.webp]
[propeltech.co.uk/assets/images/featuredcasestudies/jcb-logo.webp]
[propeltech.co.uk/software-development-services/application-maintenance-and-support/index.html]
[propeltech.co.uk/assets/images/icons/icon-checklist.svg]
[propeltech.co.uk/assets/images/featuredcasestudies/quickline-featured-case-study.webp]
[propeltech.co.uk/assets/images/featuredcasestudies/quicklinelogo-white.webp]
[propeltech.co.uk/software-development-services/cloud-managed-services/index.html]
[propeltech.co.uk/assets/images/quotetestimonials/vivid-homes-bg.webp]
[propeltech.co.uk/assets/images/quotetestimonials/vivid-homes-logo-white.webp]
[propeltech.co.uk/assets/images/featuredcasestudies/mcburney-featured-case-study.webp]
[propeltech.co.uk/assets/images/featuredcasestudies/mcburney-logo.webp]
[propeltech.co.uk/software-development-services/software-project-rescue/index.html]
[propeltech.co.uk/software-development-services/hire-developers/index.html]
[propeltech.co.uk/projects/mcburney/index.html]
[js.hsforms.net/forms/embed/v2.js]
[propeltech.co.uk/media/03an5c13/booklet-cover.jpg]
[propeltech.co.uk/media/zdsezjov/padlock-graphic.png]
[propeltech.co.uk/maximise-bespoke-software-value-free-guide/index.html]
[propeltech.co.uk/assets/images/graphics/brain-graphic.svg]
[propeltech.co.uk/microsoft-dot-net.html]
[propeltech.co.uk/assets/images/logos/net-logo.svg]
[propeltech.co.uk/assets/images/logos/csharp-logo.svg]
[propeltech.co.uk/javascript.html]
[propeltech.co.uk/assets/images/logos/javascript_logo.svg]
[propeltech.co.uk/react-js.html]
[propeltech.co.uk/assets/images/logos/react.svg]
[propeltech.co.uk/assets/images/logos/azure-logo.svg]
[propeltech.co.uk/progress-openedge.html]
[propeltech.co.uk/assets/images/logos/progress-logo.svg]
[propeltech.co.uk/php.html]
[propeltech.co.uk/laravel.html]
[propeltech.co.uk/assets/images/logos/laravel-logo.svg]
[propeltech.co.uk/node-js.html]
[propeltech.co.uk/assets/images/logos/nodejs-logo.svg]
[propeltech.co.uk/assets/images/logos/aws-logo.svg]
[propeltech.co.uk/media/4s3nawwj/sav_logo.png]
[propeltech.co.uk/media/cwsbzzvx/mi-hub.png]
[propeltech.co.uk/meet-the-team.html]
[propeltech.co.uk/software-development-services/index.html]
[js.hsforms.net/forms/shell.js]
[propeltech.co.uk/assets/images/graphics/technologies-graphic.svg]
[propeltech.co.uk/react-native.html]
[propeltech.co.uk/assets/images/logos/react-native.svg]
[propeltech.co.uk/nativescript.html]
[propeltech.co.uk/assets/images/logos/nativescript.svg]
[propeltech.co.uk/assets/images/icons/icon-bulb.svg]
[propeltech.co.uk/assets/images/icons/icon-technology.svg]
[propeltech.co.uk/assets/images/icons/icon-planning.svg]
[propeltech.co.uk/technologies/index.html]
[propeltech.co.uk/assets/images/TechLogos/net-logo.svg]
[propeltech.co.uk/assets/images/graphics/techworld.svg]
[propeltech.co.uk/assets/images/featuredcasestudies/radar-system-featured-case-study.webp]
[propeltech.co.uk/microsoft-dot-net/index.html]
[propeltech.co.uk/assets/images/TechLogos/javascript_logo.svg]
[propeltech.co.uk/assets/images/featuredcasestudies/simply-washrooms-featured-case-study.webp]
[propeltech.co.uk/projects/reversing-radar-tech/index.html]
[propeltech.co.uk/assets/images/featuredcasestudies/simply-washrooms-logo.webp]
[propeltech.co.uk/javascript/index.html]
[propeltech.co.uk/assets/images/TechLogos/php-logo.svg]
[propeltech.co.uk/php/index.html]
[propeltech.co.uk/assets/images/TechLogos/progress-logo.svg]
[propeltech.co.uk/progress-openedge/index.html]
[propeltech.co.uk/assets/images/TechLogos/laravel-logo.svg]
[propeltech.co.uk/laravel/index.html]
[propeltech.co.uk/assets/images/TechLogos/react-logo.svg]
[propeltech.co.uk/react-js/index.html]
[propeltech.co.uk/assets/images/TechLogos/react-native-logo.com.svg]
[propeltech.co.uk/react-native/index.html]
[propeltech.co.uk/assets/images/TechLogos/nativescript-logo.svg]
[propeltech.co.uk/assets/images/logos/new-php-logo.svg]
[propeltech.co.uk/nativescript/index.html]
[propeltech.co.uk/assets/images/TechLogos/nodejs-logo.svg]
[propeltech.co.uk/assets/images/graphics/code-graphic.svg]
[propeltech.co.uk/node-js/index.html]
[propeltech.co.uk/assets/images/TechLogos/azure-logo.svg]
[propeltech.co.uk/assets/images/TechLogos/aws-logo.svg]
[propeltech.co.uk/assets/images/logos/nodejs.svg]
[propeltech.co.uk/assets/images/icons/icon-cube.svg]
[propeltech.co.uk/assets/images/icons/icon-cog-tick.svg]
[propeltech.co.uk/assets/images/icons/propel-logo-white-icon.svg]
[propeltech.co.uk/assets/images/icons/icon-document-tick.svg]
[propeltech.co.uk/bespoke-software-sector-solutions/index.html]
[propeltech.co.uk/assets/images/icons/icon-envelope.svg]
[propeltech.co.uk/media/2ekhwpbi/mi-hub_logo.webp]
[propeltech.co.uk/media/xb1pdhrw/simply-washrooms-logo.webp]
[propeltech.co.uk/media/4eap5vf5/uk-safety-management-logo.webp]
[propeltech.co.uk/media/ogffs2qm/business-services-focused-bespoke-software.webp]
[propeltech.co.uk/assets/images/icons/icon-cloud-tick.svg]
[propeltech.co.uk/media/cqacb3fd/business-services-with-bespoke-software.webp]
[propeltech.co.uk/bespoke-software-sector-solutions/business-services-software/index.html]
[propeltech.co.uk/media/5tafe1yg/dhl-logo.webp]
[propeltech.co.uk/media/1i3pk2b5/mcburney_logo.png]
[propeltech.co.uk/media/lj0njj3l/g4s-logo.webp]
[propeltech.co.uk/media/immm0yjb/bespoke-logistics-software.webp]
[propeltech.co.uk/media/zsdjr31z/logistics-bespoke-software-development.webp]
[propeltech.co.uk/media/0tqf2jyd/blog-logistics.jpg]
[propeltech.co.uk/bespoke-software-sector-solutions/logistic-software-development/index.html]
[propeltech.co.uk/projects/g4s/index.html]
[propeltech.co.uk/media/m23dtono/bosch-logo.webp]
[propeltech.co.uk/media/e2jevxia/rwc-logo.webp]
[propeltech.co.uk/media/ojfhz0kt/national-floorcoverings-logo.webp]
[propeltech.co.uk/insight/smart-logistics-how-cloud-and-iot-are-driving-the-future-of-supply-chains/index.html]
[propeltech.co.uk/media/xfmodedz/smart-systems-logo.webp]
[propeltech.co.uk/media/pd5jld1p/sav-logo.webp]
[propeltech.co.uk/media/r3pmn4i2/manufacturing-system.webp]
[propeltech.co.uk/media/mgtlh0wu/manufacturing-sector-bespoke-solutions.webp]
[propeltech.co.uk/bespoke-software-sector-solutions/manufacturing-software-solutions/index.html]
[propeltech.co.uk/media/dgbjvnbh/lsl-logo.webp]
[propeltech.co.uk/media/ghxbil4v/reeds-rains-logo.webp]
[propeltech.co.uk/media/s5cehfig/leaders-romans-group-logo.webp]
[propeltech.co.uk/media/fwuj20w0/knightfranklogo.webp]
[propeltech.co.uk/media/2johtqw5/rendel-rittner.webp]
[propeltech.co.uk/media/qjditfku/wates-logo.webp]
[propeltech.co.uk/media/xbbn0ypj/property-focused-bespoke-software-services.webp]
[propeltech.co.uk/media/byzjjqgt/property-bespoke-software-development-partner.webp]
[propeltech.co.uk/bespoke-software-sector-solutions/property-software-development/index.html]
[propeltech.co.uk/media/jgaf1kdu/energy-software-solutions.webp]
[propeltech.co.uk/media/iwlberbx/sse-renewables-logo.webp]
[propeltech.co.uk/media/0oybncon/ventus_energy_logo.webp]
[propeltech.co.uk/media/yvbfe4eb/bradband-bespoke-software-development.webp]
[propeltech.co.uk/assets/images/icons/icon-user.svg]
[propeltech.co.uk/media/vijpixgl/sse.jpg]
[propeltech.co.uk/media/cj2kt1cm/quickline.jpg]
[propeltech.co.uk/media/thwjxtsv/utilities-sector-software.webp]
[propeltech.co.uk/bespoke-software-sector-solutions/bespoke-software-solutions-for-the-uk-utilities-sector/index.html]
[propeltech.co.uk/assets/images/icons/propel-icon-bg-grey.svg]
[propeltech.co.uk/media/v0ihiizp/allsop07b4.jpg]
[propeltech.co.uk/media/vijpixgl/sse8be6.jpg]
[propeltech.co.uk/media/5icj13hh/powerleague-263df.jpg]
[propeltech.co.uk/media/31fn4qhg/powerleaguefca1.png]
[propeltech.co.uk/media/cj2kt1cm/quickline50e4.jpg]
[propeltech.co.uk/media/muzdqekj/your-moveb6c4.jpg]
[propeltech.co.uk/media/rkjbva5j/lsl6fca.jpg]
[propeltech.co.uk/media/m55cnswk/lsl-logo-whiteb4e2.svg]
[propeltech.co.uk/media/2lxjyhhd/brigadea45c.jpg]
[propeltech.co.uk/media/ferjre0r/prime-systemsfc2a.jpg]
[propeltech.co.uk/media/pnhnhbpj/simply-washrooms-24bad.jpg]
[propeltech.co.uk/media/uuie1ttb/anglinglines-26863.jpg]
[propeltech.co.uk/media/oupphbzr/pdifa23.jpg]
[propeltech.co.uk/media/yj0jtyht/pdi-logof81d.svg]
[propeltech.co.uk/media/43wh3twf/mcburney-20d67.jpg]
[propeltech.co.uk/projects/pdi/index.html]
[propeltech.co.uk/media/gyjaylfh/dhl-2e332.jpg]
[propeltech.co.uk/media/f3unjtxm/jcb-20f74.jpg]
[propeltech.co.uk/media/wfbbjbyu/g4s-2f2ec.jpg]
[propeltech.co.uk/media/3sbhypme/mi-hub-uniform8782.jpg]
[propeltech.co.uk/projects/index.html]
[propeltech.co.uk/projects/testimonials.html]
[propeltech.co.uk/media/yefbdfnu/mi-hub_logo96f6.svg]
[propeltech.co.uk/assets/images/icons/icon-flag-mountain.svg]
[propeltech.co.uk/projects/testimonials/index.html]
[propeltech.co.uk/assets/images/icons/icon-star-award.svg]
[propeltech.co.uk/assets/images/221014_Propel_Misc-058.webp]
[propeltech.co.uk/about-us/index.html]
[propeltech.co.uk/assets/images/icons/icon-target.svg]
[propeltech.co.uk/assets/images/manifesto/Manifesto_home.jpg]
[propeltech.co.uk/assets/images/manifesto/Office72.jpg]
[propeltech.co.uk/assets/images/manifesto/whatwedo-graphic.svg]
[propeltech.co.uk/assets/images/manifesto/lock.svg]
[propeltech.co.uk/assets/images/manifesto/unique.svg]
[propeltech.co.uk/manifesto/index.html]
[propeltech.co.uk/assets/images/Icon.svg]
[propeltech.co.uk/assets/images/team/propelAndy.webp]
[propeltech.co.uk/assets/images/team/propelDavid.webp]
[propeltech.co.uk/assets/images/team/propelChris.webp]
[propeltech.co.uk/assets/images/team/propelWil.webp]
[propeltech.co.uk/assets/images/team/propel-nicola.webp]
[propeltech.co.uk/assets/images/team/propel-hannah.webp]
[propeltech.co.uk/assets/images/team/propel-sally.webp]
[propeltech.co.uk/media/zwfhzbji/propel-claire.jpg]
[propeltech.co.uk/meet-the-team/index.html]
[propeltech.co.uk/media/botanqdq/charity-donations.jpg]
[propeltech.co.uk/propel-tech-csr/index.html]
[propeltech.co.uk/media/0znffobs/re-tech-logo.png]
[propeltech.co.uk/insight/propel-techs-commitment-to-doing-good-stuff-a-year-in-review/index.html]
[propeltech.co.uk/media/yz1nq0y4/propel-sponsor.jpg]
[propeltech.co.uk/propel-tech-csr.html]
[propeltech.co.uk/insight/sustainable-software-development-propelling-the-way-to-a-greener-future/index.html]
[propeltech.co.uk/re-tech-donation-form/index.html]
[propeltech.co.uk/insight/local-businesses-urged-to-donate-old-laptops-to-help-refugees-get-back-on-their-feet/index.html]
[propeltech.co.uk/media/upuoqtsz/andy-brown.jpg]
[propeltech.co.uk/insight/propel-tech-named-as-shirt-sponsor-for-huddersfield-town-women-s-u14-team/index.html]
[propeltech.co.uk/media/garo2roa/linkedin.webp]
[propeltech.co.uk/media/qtokgiai/david-ritchie.jpg]
[propeltech.co.uk/media/yf4nmo3l/chris-kirkham.jpg]
[propeltech.co.uk/media/uzsghfjr/wil-jones.jpg]
[propeltech.co.uk/media/qbrlslxw/hannah-starkey.jpg]
[propeltech.co.uk/media/qmnnynn5/sally-chuku.jpg]
[propeltech.co.uk/media/l1rn1hzr/claire-anderson.jpg]
[propeltech.co.uk/media/p1vdwqrf/iain-macfadyen.jpg]
[propeltech.co.uk/media/jmel1cfw/amandeep.jpg]
[propeltech.co.uk/media/gv4llpvy/danielle-mistry.jpg]
[propeltech.co.uk/media/qnndbnb2/glen-lockhart.jpg]
[propeltech.co.uk/media/5urisk43/ben-hooper.jpg]
[propeltech.co.uk/media/o21k205p/scott-robinson.jpg]
[propeltech.co.uk/media/wqrbptbx/josh-morton.jpg]
[propeltech.co.uk/media/q3wa0lkl/legacy-isnt-a-life-sentence-v2ea79.jpg]
[propeltech.co.uk/media/fldp5efv/blog-smarter-safer-strategic-green198d.jpg]
[propeltech.co.uk/insight/should-you-modernise-or-rebuild-your-software/index.html]
[propeltech.co.uk/media/e1ciznip/a-new-era-of-bespoke-softwareb6ea.jpg]
[propeltech.co.uk/media/ulpp4pii/reasons-to-invest-in-bespoke-software-in-2025-blogeae9.jpg]
[propeltech.co.uk/insight/the-resilient-future-of-bespoke-software-smarter-safer-and-more-strategic/index.html]
[propeltech.co.uk/media/syujz1a5/propel_ai_blogheaders_aw1b35.png]
[propeltech.co.uk/media/fxmjrqic/custom-builds-vs-off-the-shelf-1759d.jpg]
[propeltech.co.uk/insights/authors/index.html]
[propeltech.co.uk/insight/how-bespoke-software-development-is-evolving-in-2025/index.html]
[propeltech.co.uk/assets/images/propel-icon-bg.svg]
[propeltech.co.uk/insight/how-uk-businesses-are-rethinking-software-investment/index.html]
[propeltech.co.uk/media/ohrdikbh/propel_iwd2025_blogheader_aw1c97.png]
[propeltech.co.uk/media/1jwpnjzp/rental-property-market-2b8ce.jpg]
[propeltech.co.uk/insight/who-s-afraid-of-ai-what-uk-industries-really-think-about-artificial-intelligence/index.html]
[propeltech.co.uk/media/5ptl2ohi/propel_pwas_blogheaders_aw5db8.png]
[propeltech.co.uk/media/ukfnywyv/pt_securbus250a94.png]
[propeltech.co.uk/media/5vxg50gh/pt_pn_blogheaderef55.png]
[propeltech.co.uk/insight/the-software-crossroads/index.html]
[propeltech.co.uk/media/lh1dcwbn/6666-22406f65.jpg]
[propeltech.co.uk/insights/index.html]
[propeltech.co.uk/insight/accelerating-action-women-at-propel-tech-celebrate-international-womens-day-2025/index.html]
[propeltech.co.uk/media/albavg2t/php-vs-javascript-or-dot-net02ae.jpg]
[propeltech.co.uk/insight/the-future-of-uk-rentals-how-iot-is-transforming-property-management/index.html]
[propeltech.co.uk/insight/why-are-progressive-web-apps-becoming-so-popular/index.html]
[propeltech.co.uk/media/bcilkr4c/propel_cloudvsdata_blogheader_aw00e2.png]
[propeltech.co.uk/insight/the-rise-of-cyber-security-insurance/index.html]
[propeltech.co.uk/insight/reflecting-on-tech-award-season/index.html]
[propeltech.co.uk/media/u55ma1vy/the-complete-guide-to-react-native58b5.jpg]
[propeltech.co.uk/insight/our-game-changing-mobile-app-for-prime-systems/index.html]
[propeltech.co.uk/insights/index4658.html]
[propeltech.co.uk/media/zbxeke4u/a-strategic-guide-to-legacy-software-modernisation7519.jpg]
[propeltech.co.uk/guide/a-guide-to-optimising-your-data-infrastructure-choosing-between-cloud-and-data-centres/index.html]
[propeltech.co.uk/guide/php-vs-javascript-or-net-choosing-the-best-back-end-for-bespoke-software-development/index.html]
[propeltech.co.uk/media/t50evbpd/planning-your-custom-software-projectec2c.jpg]
[propeltech.co.uk/guide/a-comprehensive-guide-to-react-native/index.html]
[propeltech.co.uk/guide/boost-productivity-and-efficiency-a-strategic-guide-to-legacy-software-modernisation/index.html]
[propeltech.co.uk/guide/a-complete-guide-to-successfully-planning-your-custom-software-project/index.html]
[propeltech.co.uk/media/ovppgfds/the-full-guide-to-agile-v-waterfall-1f94c.jpg]
[propeltech.co.uk/guide/agile-v-waterfall-in-developing-custom-software/index.html]
[propeltech.co.uk/media/obab0x0w/custom-software-and-cyber-security5868.jpg]
[propeltech.co.uk/guide/ensuring-cyber-security-through-custom-software-development-1/index.html]
[propeltech.co.uk/media/zh3jpwt0/what-is-custom-software-development1d37.jpg]
[propeltech.co.uk/guide/what-is-custom-software-development-a-guide-to-bespoke-development/index.html]
[propeltech.co.uk/media/bamlyau4/a-guide-to-the-future-potential-of-software-development1cde.jpg]
[propeltech.co.uk/guide/a-guide-to-the-future-potential-of-software-development/index.html]
[propeltech.co.uk/guide/what-is-laravel/index.html]
[propeltech.co.uk/media/0mejydfu/the-comprehensive-guide-to-laravel78bc.jpg]
[propeltech.co.uk/media/ltyh3jmf/everything-you-need-to-know-about-nativescript9afc.jpg]
[propeltech.co.uk/media/hsxpx5qu/the-full-guide-to-javascript3d37.jpg]
[propeltech.co.uk/guides/index.html]
[propeltech.co.uk/guide/what-is-javascript/index.html]
[propeltech.co.uk/guides/index4658.html]
[propeltech.co.uk/assets/images/Propel_108.webp]
[propeltech.co.uk/newsletter/index.html]
[propeltech.co.uk/media/vyvieh5l/2025-guide-to-the-future-potential-of-software-development.jpg]
[propeltech.co.uk/guide/what-is-nativescript/index.html]
[propeltech.co.uk/guide-to-the-future-potential-of-software-development/index.html]
[propeltech.co.uk/media/rhhjzon3/fix-the-frustrations-cover.jpg]
[propeltech.co.uk/media/ivshvcwr/the-ultimate-guide-to-getting-the-most-from-your-bespoke-software-supplier-cover.jpg]
[propeltech.co.uk/media/vwrdpwqv/create-more-technology-value.jpg]
[propeltech.co.uk/media/31tdiyfq/bespoke-software-supplier-transition-plan-cover.jpg]
[propeltech.co.uk/fix-the-frustrations-software-competition/index.html]
[propeltech.co.uk/media/nhop0y3p/bespoke-software-supplier-transition-plan.pdf]
[propeltech.co.uk/media/cb4n40sm/data-migration-checklist.jpg]
[propeltech.co.uk/are-you-ready-to-create-value-from-technology-assessment/index.html]
[propeltech.co.uk/media/ar5mkb3m/data-migration-checklist.pdf]
[propeltech.co.uk/media/2oalh4fc/data-governance-checklist.jpg]
[propeltech.co.uk/media/2xsdrbpk/data-governance-checklist.pdf]
[propeltech.co.uk/media/jzld5tcq/knowledge-transfer-checklist.jpg]
[propeltech.co.uk/media/wcdcyzsm/knowledge-transfer-checklist.pdf]
[propeltech.co.uk/media/q1yb1zwn/whitepaper-cover.jpg]
[propeltech.co.uk/media/syygagr3/linkedin-white.png]
[propeltech.co.uk/insights/publications/index.html]
[propeltech.co.uk/supercharge-your-technology-value-proposition/index.html]
[propeltech.co.uk/media/kcklxzqa/contact-page-logos.jpg]
[propeltech.co.uk/contact-us/index.html]
[propeltech.co.uk/assets/images/icons/uk-wide-icon.svg]
[propeltech.co.uk/assets/images/icons/topuk-icon.svg]
[propeltech.co.uk/assets/images/icons/tech-icon.svg]
[propeltech.co.uk/assets/images/icons/icon-idea.svg]
[propeltech.co.uk/assets/images/icons/icon-modernise.svg]
[propeltech.co.uk/assets/images/icons/icon-cloud-cog.svg]
[propeltech.co.uk/media/v0ihiizp/allsopf28c.jpg]
[propeltech.co.uk/projects/allsop/index.html]
[propeltech.co.uk/assets/images/logos/allsop-logo.svg]
[propeltech.co.uk/media/muzdqekj/your-movea571.jpg]
[propeltech.co.uk/projects/your-move/index.html]
[propeltech.co.uk/assets/images/logos/yourmove-logo.svg]
[propeltech.co.uk/media/vijpixgl/ssed3c4.jpg]
[propeltech.co.uk/projects/sse-plc/index.html]
[propeltech.co.uk/assets/images/logos/sse-logo.svg]
[propeltech.co.uk/media/f3unjtxm/jcb-242e6.jpg]
[propeltech.co.uk/projects/jcb/index.html]
[propeltech.co.uk/assets/images/logos/jcb-logo.svg]
[propeltech.co.uk/assets/images/logos/canal-river-trust-logo.svg]
[propeltech.co.uk/media/5icj13hh/powerleague-23e75.jpg]
[propeltech.co.uk/projects/powerleague/index.html]
[propeltech.co.uk/assets/images/logos/powerleague-logo.svg]
[propeltech.co.uk/media/cj2kt1cm/quicklinece06.jpg]
[propeltech.co.uk/projects/quickline/index.html]
[propeltech.co.uk/media/3sbhypme/mi-hub-uniformae4b.jpg]
[propeltech.co.uk/projects/mi-hub/index.html]
[propeltech.co.uk/assets/images/logo-white.svg]
[propeltech.co.uk/assets/images/graphics/ourapproach-graphic.svg]
[propeltech.co.uk/assets/images/TechLogos/csharp-logo.svg]
[propeltech.co.uk/graduate-recruitment/index.html]
[propeltech.co.uk/assets/images/221014_Propel_Misc-011-dark.webp]
[propeltech.co.uk/assets/images/martinsm.webp]
[propeltech.co.uk/assets/images/221014_Propel_Misc-123sm.webp]
[propeltech.co.uk/assets/images/221014_Propel_Misc-021sm.webp]
[propeltech.co.uk/graduate-recruitment.html]
[propeltech.co.uk/contact-us.html]
[propeltech.co.uk/insight/a-day-in-the-life-of-an-intern-at-propel-tech/index.html]
[propeltech.co.uk/terms-and-conditions/index.html]
[propeltech.co.uk/privacy/index.html]
[propeltech.co.uk/assets/images/logo.svg]
[propeltech.co.uk/assets/images/Bootstrap-Icons/linkedin.svg]
[propeltech.co.uk/assets/images/Bootstrap-Icons/youtube.svg]
[propeltech.co.uk/assets/images/Bootstrap-Icons/chevron-right-red.svg]
[propeltech.co.uk/assets/images/Bootstrap-Icons/chevron-left.svg]
[propeltech.co.uk/assets/images/Bootstrap-Icons/chevron-right.svg]
[propeltech.co.uk/assets/images/Bootstrap-Icons/chevron-left-red.svg]
[propeltech.co.uk/assets/images/icons/propel-icon-bg.svg]
[propeltech.co.uk/assets/images/icons/li-tick.svg]
[propeltech.co.uk/assets/images/propel-icon-bg-grey.svg]
[propeltech.co.uk/assets/images/icons/propel-icon-btn.svg]
[propeltech.co.uk/assets/images/Bootstrap-Icons/twitter.svg]
[propeltech.co.uk/assets/images/graphics/lets_talk_graphic.svg]
[propeltech.co.uk/assets/images/icons/icon-padlock.svg]
[propeltech.co.uk/assets/images/icons/icon-platform.svg]
[propeltech.co.uk/assets/images/icons/icon-group2.svg]
[propeltech.co.uk/assets/images/icons/icon-switch.svg]
[propeltech.co.uk/assets/images/icons/icon-fixedprice.svg]
[propeltech.co.uk/assets/images/icons/icon-hybrid.svg]
[propeltech.co.uk/assets/images/icons/icon-approach.svg]
[propeltech.co.uk/assets/images/icons/icon-star.svg]
[propeltech.co.uk/assets/images/icons/icon-speed.svg]
[propeltech.co.uk/assets/images/icons/icon-identity.svg]
[propeltech.co.uk/assets/images/icons/propel-logo-red-icon.svg]
[propeltech.co.uk/media/1ytc1t1n/prime-systems-1fd16.jpg]
[propeltech.co.uk/projects/prime-systems/index.html]
[propeltech.co.uk/media/fdjosaem/simply-washroomsc4a5.jpg]
[propeltech.co.uk/projects/simply-washrooms/index.html]
[propeltech.co.uk/media/ynfh3i0b/simply-logo-whitead00.svg]
[propeltech.co.uk/media/0g0lg304/putting-the-ai-into-reai-estate22c6.jpg]
[propeltech.co.uk/media/ua3djjfh/img_9481252a.jpg]
[propeltech.co.uk/insight/how-ai-is-revolutionising-proptech-1/index.html]
[propeltech.co.uk/assets/images/graphics/strategy-graphic.svg]
[propeltech.co.uk/assets/images/icons/icon-mission.svg]
[propeltech.co.uk/assets/images/icons/icon-file.svg]
[propeltech.co.uk/media/tb1hbpdo/allsop-logo-whiteaf24.svg]
[propeltech.co.uk/assets/images/icons/icon-settings.svg]
[propeltech.co.uk/assets/images/icons/resource-demands-icon.svg]
[propeltech.co.uk/assets/images/icons/customer-expectations-icon.svg]
[propeltech.co.uk/assets/images/icons/change-requirements-icon.svg]
[propeltech.co.uk/assets/images/icons/icon-time.svg]
[propeltech.co.uk/assets/images/icons/icon-speach-bubble.svg]
[propeltech.co.uk/media/vqhfsdho/sselogo-white-svg7568.svg]
[propeltech.co.uk/assets/images/icons/icon-first-aid.svg]
[propeltech.co.uk/assets/images/icons/icon-resource.svg]
[propeltech.co.uk/insight/insights-from-propel-tech-survey/index.html]
[propeltech.co.uk/media/fnffqf3z/dhle9d5.jpg]
[propeltech.co.uk/media/murefxzm/dhl_logosvg08ce.png]
[propeltech.co.uk/projects/dhl/index.html]
[propeltech.co.uk/assets/images/graphics/delivery-graphic.svg]
[propeltech.co.uk/assets/images/icons/icon-weblist.svg]
[propeltech.co.uk/assets/images/icons/icon-device.svg]
[propeltech.co.uk/assets/images/graphics/integration-red-graphic.svg]
[propeltech.co.uk/assets/images/icons/icon-user-cycle.svg]
[propeltech.co.uk/assets/images/icons/icon-collaborate.svg]
[propeltech.co.uk/assets/images/icons/icon-enhance.svg]
[propeltech.co.uk/media/bkna04gb/anglinglines5073.jpg]
[propeltech.co.uk/projects/angling-lines/index.html]
[propeltech.co.uk/assets/images/icons/icon-tick.svg]
[propeltech.co.uk/assets/images/icons/icon-vision.svg]
[propeltech.co.uk/media/yefbdfnu/mi-hub_logo.svg]
[propeltech.co.uk/media/sbzhwovr/angling-lines-logo-white2405.svg]
[propeltech.co.uk/media/rkjbva5j/lsl92a3.jpg]
[propeltech.co.uk/projects/reeds-rains-lsl/index.html]
[propeltech.co.uk/assets/images/icons/icon-database.svg]
[propeltech.co.uk/assets/images/icons/icon-careers.svg]
[propeltech.co.uk/assets/images/graphics/support-graphic.svg]
[propeltech.co.uk/assets/images/icons/icon-checklist.svg]
[propeltech.co.uk/media/ibipyyze/mcburneyc7f2.jpg]
[propeltech.co.uk/projects/mcburney/index.html]
[propeltech.co.uk/assets/images/graphics/brain-graphic.svg]
[propeltech.co.uk/microsoft-dot-net.html]
[propeltech.co.uk/assets/images/logos/net-logo.svg]
[propeltech.co.uk/assets/images/logos/csharp-logo.svg]
[propeltech.co.uk/javascript.html]
[propeltech.co.uk/assets/images/logos/javascript_logo.svg]
[propeltech.co.uk/react-js.html]
[propeltech.co.uk/assets/images/logos/react.svg]
[propeltech.co.uk/assets/images/logos/azure-logo.svg]
[propeltech.co.uk/progress-openedge.html]
[propeltech.co.uk/assets/images/logos/progress-logo.svg]
[propeltech.co.uk/php.html]
[propeltech.co.uk/laravel.html]
[propeltech.co.uk/assets/images/logos/laravel-logo.svg]
[propeltech.co.uk/node-js.html]
[propeltech.co.uk/assets/images/logos/nodejs-logo.svg]
[propeltech.co.uk/assets/images/logos/aws-logo.svg]
[propeltech.co.uk/meet-the-team.html]
[propeltech.co.uk/assets/images/graphics/technologies-graphic.svg]
[propeltech.co.uk/react-native.html]
[propeltech.co.uk/assets/images/logos/react-native.svg]
[propeltech.co.uk/nativescript.html]
[propeltech.co.uk/assets/images/logos/nativescript.svg]
[propeltech.co.uk/assets/images/icons/icon-bulb.svg]
[propeltech.co.uk/assets/images/icons/icon-technology.svg]
[propeltech.co.uk/assets/images/icons/icon-planning.svg]
[propeltech.co.uk/assets/images/graphics/techworld.svg]
[propeltech.co.uk/media/djjlcow5/mcburney-logo79f0.svg]
[propeltech.co.uk/media/2lxjyhhd/brigadea0a4.jpg]
[propeltech.co.uk/projects/reversing-radar-tech/index.html]
[propeltech.co.uk/assets/images/logos/new-php-logo.svg]
[propeltech.co.uk/assets/images/graphics/code-graphic.svg]
[propeltech.co.uk/assets/images/logos/nodejs.svg]
[propeltech.co.uk/assets/images/icons/icon-cube.svg]
[propeltech.co.uk/assets/images/icons/icon-cog-tick.svg]
[propeltech.co.uk/assets/images/icons/propel-logo-white-icon.svg]
[propeltech.co.uk/assets/images/icons/icon-document-tick.svg]
[propeltech.co.uk/assets/images/icons/icon-envelope.svg]
[propeltech.co.uk/assets/images/icons/icon-cloud-tick.svg]
[propeltech.co.uk/media/4otii2sb/g4s440e.jpg]
[propeltech.co.uk/projects/g4s/index.html]
[propeltech.co.uk/media/n5hjs5qx/g4s-logo-white10cc.svg]
[propeltech.co.uk/media/ygvbzryz/making-waves-in-logistics61f9.jpg]
[propeltech.co.uk/media/nmbgi30b/screen-shot-2024-11-19-at-104729.png]
[propeltech.co.uk/media/igrft35m/screen-shot-2024-11-19-at-104744.png]
[propeltech.co.uk/media/ojvly1dr/david-ritchie-14136.jpg]
[propeltech.co.uk/insight/smart-logistics-how-cloud-and-iot-are-driving-the-future-of-supply-chains/index.html]
[propeltech.co.uk/assets/images/icons/icon-user.svg]
[propeltech.co.uk/assets/images/icons/propel-icon-bg-grey.svg]
[propeltech.co.uk/media/m55cnswk/lsl-logo-whiteb4e2.svg]
[propeltech.co.uk/media/oupphbzr/pdi78a1.jpg]
[propeltech.co.uk/projects/pdi/index.html]
[propeltech.co.uk/media/yj0jtyht/pdi-logof81d.svg]
[propeltech.co.uk/media/yefbdfnu/mi-hub_logo96f6.svg]
[propeltech.co.uk/projects/testimonials/index.html]
[propeltech.co.uk/assets/images/icons/icon-flag-mountain.svg]
[propeltech.co.uk/assets/images/icons/icon-star-award.svg]
[propeltech.co.uk/assets/images/icons/icon-target.svg]
[propeltech.co.uk/assets/images/manifesto/whatwedo-graphic.svg]
[propeltech.co.uk/assets/images/manifesto/lock.svg]
[propeltech.co.uk/assets/images/manifesto/unique.svg]
[propeltech.co.uk/assets/images/Icon.svg]
[propeltech.co.uk/propel-tech-csr/index.html]
[propeltech.co.uk/media/3nqljc5i/supporting-social-and-environmental-causes8a9c.jpg]
[propeltech.co.uk/insight/propel-techs-commitment-to-doing-good-stuff-a-year-in-review/index.html]
[propeltech.co.uk/media/vxnnnu2i/sustainable-software-developmentee3a.jpg]
[propeltech.co.uk/insight/sustainable-software-development-propelling-the-way-to-a-greener-future/index.html]
[propeltech.co.uk/re-tech-donation-form/index.html]
[propeltech.co.uk/media/mrffckbb/helping-people-experiencing-digital-hardship-to-move-forward0fb2.jpg]
[propeltech.co.uk/media/oafehuuy/andy-brown_propel-techccd7.jpg]
[propeltech.co.uk/insight/local-businesses-urged-to-donate-old-laptops-to-help-refugees-get-back-on-their-feet/index.html]
[propeltech.co.uk/media/blifarns/propel-sponsore57b.jpg]
[propeltech.co.uk/media/q0glnsc3/huddersfield-town-women773d.jpg]
[propeltech.co.uk/media/lxkm3iv2/huddersfield-town773d.jpg]
[propeltech.co.uk/media/2iodpngq/ben-rhydding-hockey-clubf3de.jpg]
[propeltech.co.uk/insight/propel-tech-named-as-shirt-sponsor-for-huddersfield-town-women-s-u14-team/index.html]
[propeltech.co.uk/media/q3wa0lkl/legacy-isnt-a-life-sentence-v22435.jpg]
[propeltech.co.uk/insight/should-you-modernise-or-rebuild-your-software/index.html]
[propeltech.co.uk/media/fldp5efv/blog-smarter-safer-strategic-green48bb.jpg]
[propeltech.co.uk/media/wv0bn534/screen-shot-2025-06-02-at-142300.png]
[propeltech.co.uk/media/oznjo2f2/screen-shot-2025-06-02-at-143841.png]
[propeltech.co.uk/media/w0ujyxgj/screen-shot-2024-01-24-at-113532281c.png]
[propeltech.co.uk/insight/the-resilient-future-of-bespoke-software-smarter-safer-and-more-strategic/index.html]
[propeltech.co.uk/media/e1ciznip/a-new-era-of-bespoke-software4ff7.jpg]
[propeltech.co.uk/insight/how-bespoke-software-development-is-evolving-in-2025/index.html]
[propeltech.co.uk/media/ulpp4pii/reasons-to-invest-in-bespoke-software-in-2025-blog13a6.jpg]
[propeltech.co.uk/insight/how-uk-businesses-are-rethinking-software-investment/index.html]
[propeltech.co.uk/media/syujz1a5/propel_ai_blogheaders_aw2b36.png]
[propeltech.co.uk/media/zwbezshc/screen-shot-2025-04-09-at-142258.png]
[propeltech.co.uk/insight/who-s-afraid-of-ai-what-uk-industries-really-think-about-artificial-intelligence/index.html]
[propeltech.co.uk/guide/the-comprehensive-guide-to-software-development/index.html]
[propeltech.co.uk/media/fxmjrqic/custom-builds-vs-off-the-shelf-18ab9.jpg]
[propeltech.co.uk/insight/is-ai-an-ethical-minefield-for-businesses/index.html]
[propeltech.co.uk/media/wwccrjoc/221021_corporate-propel-1395c8.jpg]
[propeltech.co.uk/insight/the-software-crossroads/index.html]
[propeltech.co.uk/assets/images/propel-icon-bg.svg]
[propeltech.co.uk/media/ohrdikbh/propel_iwd2025_blogheader_aw1881.png]
[propeltech.co.uk/media/zuynrum4/screenshot-2025-03-06-at-100106.png]
[propeltech.co.uk/media/pyuddeus/screenshot-2025-03-06-at-100531.png]
[propeltech.co.uk/insight/accelerating-action-women-at-propel-tech-celebrate-international-womens-day-2025/index.html]
[propeltech.co.uk/insight/is-artificial-intelligence-changing-the-careers-landscape-as-we-know-it/index.html]
[propeltech.co.uk/media/1jwpnjzp/rental-property-market-2f83a.jpg]
[propeltech.co.uk/insight/the-future-of-uk-rentals-how-iot-is-transforming-property-management/index.html]
[propeltech.co.uk/media/5ptl2ohi/propel_pwas_blogheaders_awc4d0.png]
[propeltech.co.uk/media/zpqdjwbi/221014_portrait_propel-1051d37.jpg]
[propeltech.co.uk/insight/why-are-progressive-web-apps-becoming-so-popular/index.html]
[propeltech.co.uk/media/ukfnywyv/pt_securbus250de3.png]
[propeltech.co.uk/insight/the-rise-of-cyber-security-insurance/index.html]
[propeltech.co.uk/insight/the-facts-about-cyber-security-breaches/index.html]
[propeltech.co.uk/media/5vxg50gh/pt_pn_blogheadere253.png]
[propeltech.co.uk/media/hr2fp1m5/screen-shot-2024-12-17-at-101345.png]
[propeltech.co.uk/insight/reflecting-on-tech-award-season/index.html]
[propeltech.co.uk/insight/changing-lives-one-laptop-at-a-time/index.html]
[propeltech.co.uk/media/lh1dcwbn/6666-2240e640.jpg]
[propeltech.co.uk/media/uwab3bgu/mark-hansgate-367c7.jpg]
[propeltech.co.uk/insight/our-game-changing-mobile-app-for-prime-systems/index.html]
[propeltech.co.uk/media/mj2dpum2/joshua-sortino-lqkhndzsf-8-unsplash0fda.jpg]
[propeltech.co.uk/insight/have-your-say-with-propel-tech-s-software-wish-list-survey/index.html]
[propeltech.co.uk/media/ygvbzryz/making-waves-in-logistics74be.jpg]
[propeltech.co.uk/media/e42dwtxg/dhle3b9.jpg]
[propeltech.co.uk/media/2gapexjv/fix-the-frustrationsd03f.jpg]
[propeltech.co.uk/insight/which-uk-parcel-delivery-sites-offer-the-best-user-experience/index.html]
[propeltech.co.uk/insight/how-iot-and-bespoke-software-are-driving-the-manufacturing-revolution/index.html]
[propeltech.co.uk/media/hezjqe0r/future-factories7e20.jpg]
[propeltech.co.uk/insight/everyday-annoyances-that-drive-us-wild-and-how-tech-is-saving-the-day/index.html]
[propeltech.co.uk/media/qvibxbej/react-native8142.jpg]
[propeltech.co.uk/insight/could-switching-to-react-native-be-a-game-changer-for-your-business/index.html]
[propeltech.co.uk/media/512fkjrr/closing-the-digital-divide-with-re-tech2f3b.jpg]
[propeltech.co.uk/media/wl5nny3m/blog-hannah91c3.jpg]
[propeltech.co.uk/insight/ask-twice/index.html]
[propeltech.co.uk/media/fpgnrgls/will-ai-replace-human-software-developersa016.jpg]
[propeltech.co.uk/insight/the-future-of-coding-in-an-ai-driven-world/index.html]
[propeltech.co.uk/insight/how-to-maximise-software-roi-six-areas-bespoke-software-suppliers-must-deliver/index.html]
[propeltech.co.uk/media/dhkpw0do/how-to-maximise-software-roi-six-areas-bespoke-software-suppliers-must-deliver6836.jpg]
[propeltech.co.uk/media/j3rhxmhj/ais-rewrite-of-the-traditional-job-landscapeabb9.jpg]
[propeltech.co.uk/media/fnubheyq/braden-collum-9hi8ujmsdza-unsplashb7d6.jpg]
[propeltech.co.uk/insights/index4658.html]
[propeltech.co.uk/insight/the-ethical-implications-of-tech-doping-in-sports-1/index.html]
[propeltech.co.uk/insights/index2679.html]
[propeltech.co.uk/media/albavg2t/php-vs-javascript-or-dot-net42cc.jpg]
[propeltech.co.uk/guide/php-vs-javascript-or-net-choosing-the-best-back-end-for-bespoke-software-development/index.html]
[propeltech.co.uk/insights/index9ba9.html]
[propeltech.co.uk/media/bcilkr4c/propel_cloudvsdata_blogheader_aw224d.png]
[propeltech.co.uk/media/y5ibsyca/screen-shot-2025-02-11-at-144657.png]
[propeltech.co.uk/guide/a-guide-to-optimising-your-data-infrastructure-choosing-between-cloud-and-data-centres/index.html]
[propeltech.co.uk/media/u55ma1vy/the-complete-guide-to-react-native65df.jpg]
[propeltech.co.uk/media/rbdeun0b/comparison-table-react.png]
[propeltech.co.uk/guide/a-comprehensive-guide-to-react-native/index.html]
[propeltech.co.uk/media/zbxeke4u/a-strategic-guide-to-legacy-software-modernisationba78.jpg]
[propeltech.co.uk/media/4oyleg3o/warning-iconc80c.png]
[propeltech.co.uk/media/3hpb4ita/ai-robot-handd28d.jpg]
[propeltech.co.uk/guide/boost-productivity-and-efficiency-a-strategic-guide-to-legacy-software-modernisation/index.html]
[propeltech.co.uk/media/t50evbpd/planning-your-custom-software-project260e.jpg]
[propeltech.co.uk/media/b1zatpnr/quote-img2801d.jpg]
[propeltech.co.uk/media/jrqjfv0x/define-discover-pland061.png]
[propeltech.co.uk/media/ef1of343/scope-creepc80c.png]
[propeltech.co.uk/media/sx0jwvnl/technical-debtc80c.png]
[propeltech.co.uk/media/sogacxxa/resource-constraintsc80c.png]
[propeltech.co.uk/guide/how-do-you-know-if-you-re-in-technical-debt-and-how-to-get-out-of-it/index.html]
[propeltech.co.uk/media/bx3otykv/communication-breakdownsc80c.png]
[propeltech.co.uk/media/aq4ieltr/testing-delaysc80c.png]
[propeltech.co.uk/media/5vwlwp3s/chip-graphic-processd061.png]
[propeltech.co.uk/media/i5jl5vw3/chris-kirkhamd061.jpg]
[propeltech.co.uk/media/w30hwmx4/chris-and-wil075f.jpg]
[propeltech.co.uk/guide/a-complete-guide-to-successfully-planning-your-custom-software-project/index.html]
[propeltech.co.uk/media/ovppgfds/the-full-guide-to-agile-v-waterfall-1fdbf.jpg]
[propeltech.co.uk/media/engdhe13/software-development-process.webp]
[propeltech.co.uk/media/b5ibhzpx/agile-vs-waterfall-approach.webp]
[propeltech.co.uk/media/bimbuhub/sally-and-chris0686.jpg]
[propeltech.co.uk/guide/agile-v-waterfall-in-developing-custom-software/index.html]
[propeltech.co.uk/media/obab0x0w/custom-software-and-cyber-security4bcb.jpg]
[propeltech.co.uk/media/laugbxce/screen-shot-2024-07-03-at-141636.png]
[propeltech.co.uk/media/3jebdoxs/screen-shot-2024-07-03-at-141612.png]
[propeltech.co.uk/media/oyalanop/screen-shot-2024-07-03-at-141511.png]
[propeltech.co.uk/media/hjefw3or/screen-shot-2024-07-03-at-141354.png]
[propeltech.co.uk/media/esolkadl/screen-shot-2024-07-03-at-141320.png]
[propeltech.co.uk/media/eejfz5qr/screen-shot-2024-07-03-at-141219.png]
[propeltech.co.uk/media/o3mjun5t/screen-shot-2024-07-03-at-141141.png]
[propeltech.co.uk/guide/ensuring-cyber-security-through-custom-software-development-1/index.html]
[propeltech.co.uk/media/zh3jpwt0/what-is-custom-software-development103b.jpg]
[propeltech.co.uk/media/0zpbwz2w/screen-shot-2024-06-13-at-150529.png]
[propeltech.co.uk/media/pagjnnbf/screen-shot-2024-06-13-at-120637.png]
[propeltech.co.uk/media/heidop30/screen-shot-2024-06-13-at-150513.png]
[propeltech.co.uk/guide/what-is-custom-software-development-a-guide-to-bespoke-development/index.html]
[propeltech.co.uk/media/bamlyau4/a-guide-to-the-future-potential-of-software-developmente7cd.jpg]
[propeltech.co.uk/guide/a-guide-to-the-future-potential-of-software-development/index.html]
[propeltech.co.uk/media/0mejydfu/the-comprehensive-guide-to-laravel5f26.jpg]
[propeltech.co.uk/media/czegfa2m/understanding-laravelb67b.jpg]
[propeltech.co.uk/media/tjfp0s5f/how-laravel-worksb67b.jpg]
[propeltech.co.uk/media/j2wbl0yg/development-propel-techb67b.jpg]
[propeltech.co.uk/guide/what-is-laravel/index.html]
[propeltech.co.uk/media/ltyh3jmf/everything-you-need-to-know-about-nativescript3572.jpg]
[propeltech.co.uk/media/p42iy1ah/nativescript-frameworkb67b.png]
[propeltech.co.uk/media/cprjgl0a/nativescript-integrationb67b.png]
[propeltech.co.uk/media/dypb1yza/nativescript-mobile-technologyb67b.png]
[propeltech.co.uk/guide/what-is-nativescript/index.html]
[propeltech.co.uk/media/hsxpx5qu/the-full-guide-to-javascript8f5c.jpg]
[propeltech.co.uk/media/vxqnxrz1/understanding-javascriptb67b.jpg]
[propeltech.co.uk/media/r4ohzthb/what-is-javascript-used-forb67b.jpg]
[propeltech.co.uk/guide/what-is-javascript/index.html]
[propeltech.co.uk/guide/what-is-php/index.html]
[propeltech.co.uk/media/g14oq5jq/everything-you-need-to-know-about-php-1-29c0e.jpg]
[propeltech.co.uk/media/ijqevlwb/what-is-node-js0e85.jpg]
[propeltech.co.uk/guide/what-is-nodejs/index.html]
[propeltech.co.uk/media/3wufh0js/propel_brochure_mockup_covers_croppedf60e.jpg]
[propeltech.co.uk/guide/a-guide-to-navigating-smooth-software-supplier-transitions/index.html]
[propeltech.co.uk/media/mpbbr4lt/guide-to-software-development2dda.jpg]
[propeltech.co.uk/media/ksqnrdqg/tech-challengesd9db.jpg]
[propeltech.co.uk/guide/the-top-10-tech-challenges-every-business-faces-daily/index.html]
[propeltech.co.uk/media/d4gbge0m/serverless-codingff84.jpg]
[propeltech.co.uk/guide/the-benefits-of-serverless-computing-for-businesses/index.html]
[propeltech.co.uk/media/glrkgden/blog-technical-debtc1f2.jpg]
[propeltech.co.uk/media/s3xfha21/blog-person-image-software-testing_1e089.jpg]
[propeltech.co.uk/guide/a-strategic-approach-to-software-testing/index.html]
[propeltech.co.uk/media/i2gfhzkh/7-questions-banner-29c65.jpg]
[propeltech.co.uk/guides/index4658.html]
[propeltech.co.uk/guides/index2679.html]
[propeltech.co.uk/media/sykdieph/2025-guide-to-the-future-potential-of-software-development-1.jpg]
[propeltech.co.uk/guide/the-ultimate-tech-investment-checklist/index.html]
[propeltech.co.uk/media/0tvlevzi/propel-graphic.png]
[propeltech.co.uk/media/eq2g3rx5/brain-graphic-purple.png]
[propeltech.co.uk/guide-to-the-future-potential-of-software-development/index.html]
[propeltech.co.uk/media/hd1a0fa1/fix-the-frustrations-cover-lg.jpg]
[propeltech.co.uk/media/uirgzyks/fix-the-frustrations-hack-the-hassles-and-code-your-way-to-contentment.pdf]
[propeltech.co.uk/fix-the-frustrations-software-competition/index.html]
[propeltech.co.uk/assets/images/graphics/graphic-challenges.svg]
[propeltech.co.uk/are-you-ready-to-create-value-from-technology-assessment/index.html]
[embed.typeform.com/next/embed.js]
[propeltech.co.uk/media/h2thdnnr/whitepaper_s65439.svg]
[propeltech.co.uk/assets/images/graphics/graphic-technology.svg]
[propeltech.co.uk/supercharge-your-technology-value-proposition/index.html]
[propeltech.co.uk/graduate-recruitment/index.html]
[propeltech.co.uk/assets/images/graphics/ourapproach-graphic.svg]
[propeltech.co.uk/assets/images/TechLogos/csharp-logo.svg]
[propeltech.co.uk/assets/images/graphics/graphic-identify.svg]
[propeltech.co.uk/media/vrfeyi1h/martinintern-propele8e1.jpg]
[propeltech.co.uk/media/2w2ox2ds/martin-intern-propela60c.jpg]
[propeltech.co.uk/insight/a-day-in-the-life-of-an-intern-at-propel-tech/index.html]
[propeltech.co.uk/assets/images/icons/propel-logo-red-icon.svg]
[propeltech.co.uk/media/ynfh3i0b/simply-logo-whitead00.svg]
[propeltech.co.uk/media/xjpochyd/decoding-the-ai-dilemma83a7.jpg]
[propeltech.co.uk/insight/insights-from-propel-tech-survey/index.html]
[propeltech.co.uk/media/sbzhwovr/angling-lines-logo-white2405.svg]
[propeltech.co.uk/media/djjlcow5/mcburney-logo79f0.svg]
[propeltech.co.uk/media/n5hjs5qx/g4s-logo-white10cc.svg]
[propeltech.co.uk/media/mpbbr4lt/guide-to-software-development955a.jpg]
[propeltech.co.uk/media/dadaejwh/softwaredevelopment.png]
[propeltech.co.uk/media/oa0bvh3v/whatissoftwaredevelopment.png]
[propeltech.co.uk/media/k1jj22l2/understandingsoftwaredevelopment.png]
[propeltech.co.uk/media/sfyicykh/typesofsoftware.png]
[propeltech.co.uk/guide/the-comprehensive-guide-to-software-development/index.html]
[propeltech.co.uk/media/yrdgv5qe/is-ai-an-ethica-minefieldff49.jpg]
[propeltech.co.uk/insight/is-ai-an-ethical-minefield-for-businesses/index.html]
[propeltech.co.uk/media/j3rhxmhj/ais-rewrite-of-the-traditional-job-landscapef1d3.jpg]
[propeltech.co.uk/insight/is-artificial-intelligence-changing-the-careers-landscape-as-we-know-it/index.html]
[propeltech.co.uk/media/m2jfjjpa/high-profile-security-breaches-why-do-they-keep-happening3385.jpg]
[propeltech.co.uk/insight/the-facts-about-cyber-security-breaches/index.html]
[propeltech.co.uk/media/512fkjrr/closing-the-digital-divide-with-re-tech42f8.jpg]
[propeltech.co.uk/media/5ronc050/screen-shot-2024-10-14-at-102307.png]
[propeltech.co.uk/insight/changing-lives-one-laptop-at-a-time/index.html]
[propeltech.co.uk/insight/mp-simon-lightwood-backs-our-appeal-to-close-digital-divide/index.html]
[propeltech.co.uk/media/mj2dpum2/joshua-sortino-lqkhndzsf-8-unsplash02ef.jpg]
[propeltech.co.uk/insight/have-your-say-with-propel-tech-s-software-wish-list-survey/index.html]
[propeltech.co.uk/media/e42dwtxg/dhl49be.jpg]
[propeltech.co.uk/media/msnbn2eo/20230824_154132ea0a.jpg]
[propeltech.co.uk/insight/which-uk-parcel-delivery-sites-offer-the-best-user-experience/index.html]
[propeltech.co.uk/media/2gapexjv/fix-the-frustrationsb883.jpg]
[propeltech.co.uk/insight/everyday-annoyances-that-drive-us-wild-and-how-tech-is-saving-the-day/index.html]
[propeltech.co.uk/media/hezjqe0r/future-factories8de4.jpg]
[propeltech.co.uk/insight/how-iot-and-bespoke-software-are-driving-the-manufacturing-revolution/index.html]
[propeltech.co.uk/media/qvibxbej/react-natived2ad.jpg]
[propeltech.co.uk/insight/could-switching-to-react-native-be-a-game-changer-for-your-business/index.html]
[propeltech.co.uk/media/wl5nny3m/blog-hannah0850.jpg]
[propeltech.co.uk/insight/ask-twice/index.html]
[propeltech.co.uk/media/fpgnrgls/will-ai-replace-human-software-developersbad4.jpg]
[propeltech.co.uk/media/fimdwmdk/screen-shot-2023-05-12-at-1008472ccc.png]
[propeltech.co.uk/insight/the-future-of-coding-in-an-ai-driven-world/index.html]
[propeltech.co.uk/media/dhkpw0do/how-to-maximise-software-roi-six-areas-bespoke-software-suppliers-must-deliver6df7.jpg]
[propeltech.co.uk/insight/how-to-maximise-software-roi-six-areas-bespoke-software-suppliers-must-deliver/index.html]
[propeltech.co.uk/insight/the-hard-facts-about-soft-skills-in-software-development/index.html]
[propeltech.co.uk/media/fnubheyq/braden-collum-9hi8ujmsdza-unsplash52f7.jpg]
[propeltech.co.uk/insight/the-ethical-implications-of-tech-doping-in-sports-1/index.html]
[propeltech.co.uk/insights/index2679.html]
[propeltech.co.uk/insight/the-cost-of-software-migration-is-it-worth-the-investment/index.html]
[propeltech.co.uk/media/zygghyea/austin-distel-rx_0vwspiws-unsplash3202.jpg]
[propeltech.co.uk/media/v1niva3j/the-7-stages-of-developing-custom-software72aa.jpg]
[propeltech.co.uk/insight/the-7-stages-of-developing-custom-software/index.html]
[propeltech.co.uk/media/gvtbuugr/efficiency-visual-v3a113.jpg]
[propeltech.co.uk/insight/how-custom-business-software-helps-accelerate-efficiency-in-business/index.html]
[propeltech.co.uk/media/0uzjm2j0/what-is-psychological-safety2da7.jpg]
[propeltech.co.uk/media/5nsejent/propel-tech-managers-196b7.jpg]
[propeltech.co.uk/insight/passing-on-knowledge-to-the-next-generation-of-it-talent/index.html]
[propeltech.co.uk/insight/living-and-breathing-psychological-safety-and-not-just-talking-about-it/index.html]
[propeltech.co.uk/media/0g0lg304/putting-the-ai-into-reai-estatef75a.jpg]
[propeltech.co.uk/media/m2jfjjpa/high-profile-security-breaches-why-do-they-keep-happeningcc01.jpg]
[propeltech.co.uk/media/ew4h4d0t/blog-soft-skills-10c9a.jpg]
[propeltech.co.uk/media/lldjday1/101-reasons-not-to-suppress-a-software-bug6cae.jpg]
[propeltech.co.uk/insight/software-bugs-short-term-cost-savings-can-lead-to-long-term-issues/index.html]
[propeltech.co.uk/media/vfxjdl4w/always-learning-our-top-5-free-training-coursesd840.jpg]
[propeltech.co.uk/media/juzhzp3t/ai-banner-1e3f4.jpg]
[propeltech.co.uk/insight/will-ai-eventually-replace-people-in-all-areas-of-work/index.html]
[propeltech.co.uk/insight/with-free-software-and-ai-training-courses-upskilling-has-never-been-easier/index.html]
[propeltech.co.uk/media/ve0pnomx/people-v2aca2d.png]
[propeltech.co.uk/insights/index9ba9.html]
[propeltech.co.uk/insight/what-s-more-important-investing-in-software-or-investing-in-people-1/index.html]
[propeltech.co.uk/insights/indexfdb0.html]
[propeltech.co.uk/media/glrkgden/blog-technical-debt19e4.jpg]
[propeltech.co.uk/guide/how-do-you-know-if-you-re-in-technical-debt-and-how-to-get-out-of-it/index.html]
[propeltech.co.uk/make-successful-provider-migrations-a-possibility/index.html]
[propeltech.co.uk/are-you-ready-to-create-value-from-technology/index.html]
[propeltech.co.uk/media/g14oq5jq/everything-you-need-to-know-about-php-1-21ccc.jpg]
[propeltech.co.uk/media/fbxnrk0m/understanding-phpb67b.jpg]
[propeltech.co.uk/media/ba1dbcue/php-programmingb67b.jpg]
[propeltech.co.uk/media/n1ojmlqp/how-does-php-workb67b.jpg]
[propeltech.co.uk/guide/what-is-php/index.html]
[propeltech.co.uk/media/ijqevlwb/what-is-node-js6e9f.jpg]
[propeltech.co.uk/media/5hzfktmp/node-js-logo363f.png]
[propeltech.co.uk/media/wywlpehn/node-js-coding363f.jpg]
[propeltech.co.uk/media/h2zpzvia/c-plus-plus363f.png]
[propeltech.co.uk/media/4pwbeco0/javascript363f.png]
[propeltech.co.uk/media/j2wbl0yg/development-propel-tech80b1.jpg]
[propeltech.co.uk/guide/what-is-nodejs/index.html]
[propeltech.co.uk/media/3wufh0js/propel_brochure_mockup_covers_cropped0fd7.jpg]
[propeltech.co.uk/guide/a-guide-to-navigating-smooth-software-supplier-transitions/index.html]
[propeltech.co.uk/media/ksqnrdqg/tech-challengescb55.jpg]
[propeltech.co.uk/guide/the-top-10-tech-challenges-every-business-faces-daily/index.html]
[propeltech.co.uk/insight/the-importance-of-having-a-digital-mindset-to-move-business-forward/index.html]
[propeltech.co.uk/media/d4gbge0m/serverless-codingb3b7.jpg]
[propeltech.co.uk/guide/the-benefits-of-serverless-computing-for-businesses/index.html]
[propeltech.co.uk/insight/how-businesses-can-promote-sustainability-using-technology/index.html]
[propeltech.co.uk/software-development-services.html]
[propeltech.co.uk/media/s3xfha21/blog-person-image-software-testing_1a727.jpg]
[propeltech.co.uk/guide/a-strategic-approach-to-software-testing/index.html]
[propeltech.co.uk/media/i2gfhzkh/7-questions-banner-2c5da.jpg]
[propeltech.co.uk/guide/the-ultimate-tech-investment-checklist/index.html]
[propeltech.co.uk/guides/index2679.html]
[propeltech.co.uk/assets/images/graphics/graphic-challenges.svg]
[propeltech.co.uk/are-you-ready-to-create-value-from-technology-assessment/e]
[propeltech.co.uk/single-embed/index.html]
[propeltech.co.uk/are-you-ready-to-create-value-from-technology-assessment/window.location.href]
[embed.typeform.com/next/embed.js]
[propeltech.co.uk/media/h2thdnnr/whitepaper_s65439.svg]
[propeltech.co.uk/assets/images/graphics/graphic-technology.svg]
[propeltech.co.uk/assets/images/graphics/graphic-identify.svg]
[propeltech.co.uk/are-you-ready-to-create-value-from-technology-assessment/-closed=true;Path=/index.html]
[propeltech.co.uk/media/engm21ou/blog-person-laptopcd1c.jpg]
[propeltech.co.uk/to/index.html]
[propeltech.co.uk/media/5ndppytd/screen-shot-2024-03-20-at-1703331948.png]
[propeltech.co.uk/insight/mp-simon-lightwood-backs-our-appeal-to-close-digital-divide/index.html]
[propeltech.co.uk/media/ew4h4d0t/blog-soft-skills-143fd.jpg]
[propeltech.co.uk/insight/the-hard-facts-about-soft-skills-in-software-development/index.html]
[propeltech.co.uk/guide/a-guide-to-taking-an-agile-v-waterfall-approach-to-developing-custom-software/index.html]
[propeltech.co.uk/insight/mentoring-you-get-out-what-you-put-in/index.html]
[propeltech.co.uk/media/zygghyea/austin-distel-rx_0vwspiws-unsplashdb7b.jpg]
[propeltech.co.uk/media/3wufh0js/propel_brochure_mockup_covers_cropped.jpg]
[propeltech.co.uk/insight/the-cost-of-software-migration-is-it-worth-the-investment/index.html]
[propeltech.co.uk/media/v1niva3j/the-7-stages-of-developing-custom-software76ab.jpg]
[propeltech.co.uk/insight/the-7-stages-of-developing-custom-software/index.html]
[propeltech.co.uk/media/gvtbuugr/efficiency-visual-v375a1.jpg]
[propeltech.co.uk/media/qtokgiai/david-ritchief677.jpg]
[propeltech.co.uk/insight/how-custom-business-software-helps-accelerate-efficiency-in-business/index.html]
[propeltech.co.uk/media/0uzjm2j0/what-is-psychological-safety5a02.jpg]
[propeltech.co.uk/media/oodlzq1s/hannah-starkeybf3d.jpg]
[propeltech.co.uk/insight/living-and-breathing-psychological-safety-and-not-just-talking-about-it/index.html]
[propeltech.co.uk/media/5nsejent/propel-tech-managers-11386.jpg]
[propeltech.co.uk/media/tv0ewva5/whatsapp-image-2024-07-16-at-1526318257.jpg]
[propeltech.co.uk/insight/passing-on-knowledge-to-the-next-generation-of-it-talent/index.html]
[propeltech.co.uk/media/lldjday1/101-reasons-not-to-suppress-a-software-bug588a.jpg]
[propeltech.co.uk/insight/software-bugs-short-term-cost-savings-can-lead-to-long-term-issues/index.html]
[propeltech.co.uk/media/vfxjdl4w/always-learning-our-top-5-free-training-courses167f.jpg]
[propeltech.co.uk/insight/with-free-software-and-ai-training-courses-upskilling-has-never-been-easier/index.html]
[propeltech.co.uk/media/juzhzp3t/ai-banner-12ba5.jpg]
[propeltech.co.uk/insight/will-ai-eventually-replace-people-in-all-areas-of-work/index.html]
[propeltech.co.uk/media/ve0pnomx/people-v2af55f.png]
[propeltech.co.uk/insight/what-s-more-important-investing-in-software-or-investing-in-people-1/index.html]
[propeltech.co.uk/media/hc4a4msm/scott2b97.jpg]
[propeltech.co.uk/insight/creating-a-solid-foundation-for-rewriting-a-net-application/index.html]
[propeltech.co.uk/media/befg2dus/blog-ultimate-guide-577b9.jpg]
[propeltech.co.uk/insight/step-by-step-guide-to-migrating-providers/index.html]
[propeltech.co.uk/media/xjpochyd/decoding-the-ai-dilemmad82e.jpg]
[propeltech.co.uk/media/engm21ou/blog-person-laptopb00c.jpg]
[propeltech.co.uk/media/aaxjozqz/spring-clean-your-business-tech65ed.jpg]
[propeltech.co.uk/insight/housekeeping-tips-for-staying-on-top-of-your-business-s-it/index.html]
[propeltech.co.uk/media/grjcmbhc/blog-ultimate-guide-4b7e9.jpg]
[propeltech.co.uk/insight/our-seven-step-evaluation-checklist/index.html]
[propeltech.co.uk/media/3nqljc5i/supporting-social-and-environmental-causesce89.jpg]
[propeltech.co.uk/media/cuaj40zn/blog-ultimate-guide-36361.jpg]
[propeltech.co.uk/insight/weighing-up-the-benefits-of-a-software-supplier-shake-up/index.html]
[propeltech.co.uk/media/mrffckbb/helping-people-experiencing-digital-hardship-to-move-forwardbbd8.jpg]
[propeltech.co.uk/insight/when-and-why-to-consider-changing-your-bespoke-software-solutions-delivery-partner/index.html]
[propeltech.co.uk/media/db3p0d2l/blog-ultimate-guide-28040.jpg]
[propeltech.co.uk/media/d0qmulhr/sav-systems-appoints-propel-tech055a.jpg]
[propeltech.co.uk/insight/sav-systems-appoints-propel-tech-to-maximise-its-operational-software/index.html]
[propeltech.co.uk/media/eogbcsos/blog-ultimate-guide-193ab.jpg]
[propeltech.co.uk/insights/indexfdb0.html]
[propeltech.co.uk/insights/indexaf4d.html]
[propeltech.co.uk/insight/how-outsourced-bespoke-software-adds-value/index.html]
[propeltech.co.uk/assets/images/quiz_image.gif]
[propeltech.co.uk/assets/images/icons/icon-now.svg]
[propeltech.co.uk/assets/images/icons/icon-forward.svg]
[propeltech.co.uk/assets/images/icons/icon-future.svg]
[propeltech.co.uk/are-you-ready-to-create-value-from-technology/index.html]
[propeltech.co.uk/assets/images/graphics/contact-graphic.svg]
[propeltech.co.uk/media/rmoasz0a/propel-digital-mindset2a7e.jpg]
[propeltech.co.uk/media/nxxbente/allsop-lot-management.png]
[propeltech.co.uk/media/bdsfpwt5/digital-mindsetd061.jpg]
[propeltech.co.uk/insight/the-importance-of-having-a-digital-mindset-to-move-business-forward/index.html]
[propeltech.co.uk/media/cnyemnuh/sustainability-techbfa9.jpg]
[propeltech.co.uk/insight/how-businesses-can-promote-sustainability-using-technology/index.html]
[propeltech.co.uk/software-development-services.html]
[propeltech.co.uk/single-embed/index.html]
[propeltech.co.uk/are-you-ready-to-create-value-from-technology-assessment/e.html]
[propeltech.co.uk/to/index.html]
[propeltech.co.uk/are-you-ready-to-create-value-from-technology-assessment/-closed=true;Path=/index.html]
[propeltech.co.uk/are-you-ready-to-create-value-from-technology-assessment/window.location.html]
[propeltech.co.uk/projects.html]
[embed.typeform.com/next/css/index.html]
[propeltech.co.uk/media/euwc2eml/img_3606c774.jpg]
[propeltech.co.uk/media/hjjg2own/screen-shot-2024-01-08-at-0956191e1e.png]
[propeltech.co.uk/insight/mentoring-you-get-out-what-you-put-in/index.html]
[propeltech.co.uk/media/hc4a4msm/scott84a0.jpg]
[propeltech.co.uk/media/0grbccts/pxl_20240412_070346093ca1b.jpg]
[propeltech.co.uk/insight/creating-a-solid-foundation-for-rewriting-a-net-application/index.html]
[propeltech.co.uk/media/befg2dus/blog-ultimate-guide-5b3fa.jpg]
[propeltech.co.uk/insight/step-by-step-guide-to-migrating-providers/index.html]
[propeltech.co.uk/media/aaxjozqz/spring-clean-your-business-tech8e07.jpg]
[propeltech.co.uk/media/qlkjtlkr/screen-shot-2024-02-21-at-111302fe28.png]
[propeltech.co.uk/insight/housekeeping-tips-for-staying-on-top-of-your-business-s-it/index.html]
[propeltech.co.uk/insight/are-your-tech-capabilities-and-growth-ambitions-aligned/index.html]
[propeltech.co.uk/media/grjcmbhc/blog-ultimate-guide-4ae94.jpg]
[propeltech.co.uk/insight/our-seven-step-evaluation-checklist/index.html]
[propeltech.co.uk/insight/practicing-what-we-preach-why-iso-9001-and-iso-27001-certification-is-important-to-us-and-our-clients/index.html]
[propeltech.co.uk/media/cuaj40zn/blog-ultimate-guide-3f1d6.jpg]
[propeltech.co.uk/insight/weighing-up-the-benefits-of-a-software-supplier-shake-up/index.html]
[propeltech.co.uk/media/db3p0d2l/blog-ultimate-guide-2a4ee.jpg]
[propeltech.co.uk/insight/when-and-why-to-consider-changing-your-bespoke-software-solutions-delivery-partner/index.html]
[propeltech.co.uk/media/d0qmulhr/sav-systems-appoints-propel-techa6ce.jpg]
[propeltech.co.uk/media/njmd5o4e/wiljonesab85.jpg]
[propeltech.co.uk/insight/sav-systems-appoints-propel-tech-to-maximise-its-operational-software/index.html]
[propeltech.co.uk/media/eogbcsos/blog-ultimate-guide-1e1f9.jpg]
[propeltech.co.uk/insight/how-outsourced-bespoke-software-adds-value/index.html]
[propeltech.co.uk/media/euwc2eml/img_36065ee7.jpg]
[propeltech.co.uk/media/oopfkwok/techin24_blogimage11b6.jpg]
[propeltech.co.uk/insight/future-gazing-tech-predictions-for-2024/index.html]
[propeltech.co.uk/media/hyuh5fme/the-problem-with-switching-b2b-partners24bc.jpg]
[propeltech.co.uk/insight/the-problem-with-switching-software-supplier/index.html]
[propeltech.co.uk/media/b4sbqx5h/blog-person-image-hasancde8.jpg]
[propeltech.co.uk/insight/a-day-in-the-life-of-a-graduate-developer/index.html]
[propeltech.co.uk/media/yrdgv5qe/is-ai-an-ethica-minefield0f41.jpg]
[propeltech.co.uk/media/vxnnnu2i/sustainable-software-development538d.jpg]
[propeltech.co.uk/media/o32gdap0/blog-person-image-jacobff0a.jpg]
[propeltech.co.uk/insight/what-the-launch-of-net-8-means-to-an-up-and-coming-developer/index.html]
[propeltech.co.uk/media/zb0hcorh/blog-person-image-iainbb92.jpg]
[propeltech.co.uk/insight/the-changing-role-of-the-software-tester/index.html]
[propeltech.co.uk/media/dkdpc4hk/screen-shot-2023-08-25-at-1404193a2c.png]
[propeltech.co.uk/media/qgghm5lv/blog-person-image-joshdc71.jpg]
[propeltech.co.uk/insight/my-summer-internship-at-propel-tech/index.html]
[propeltech.co.uk/insight/cms-review-umbraco/index.html]
[propeltech.co.uk/media/a3egv12d/blog-cms-bannerf29e.jpg]
[propeltech.co.uk/insight/a-flexible-and-responsive-solution-for-the-uk-s-leading-auction-house/index.html]
[propeltech.co.uk/media/hxqlca3w/blog-iso-banner-2dc37.jpg]
[propeltech.co.uk/insights/indexaf4d.html]
[propeltech.co.uk/assets/images/icons/icon-now.svg]
[propeltech.co.uk/assets/images/icons/icon-forward.svg]
[propeltech.co.uk/assets/images/icons/icon-future.svg]
[propeltech.co.uk/assets/images/graphics/contact-graphic.svg]
[propeltech.co.uk/projects.html]
[propeltech.co.uk/insights/indexc575.html]
[propeltech.co.uk/media/2yejoso1/whitepaper-blog-bannera374.jpg]
[propeltech.co.uk/insight/are-your-tech-capabilities-and-growth-ambitions-aligned/index.html]
[propeltech.co.uk/media/hxqlca3w/blog-iso-banner-2b25a.jpg]
[propeltech.co.uk/insight/practicing-what-we-preach-why-iso-9001-and-iso-27001-certification-is-important-to-us-and-our-clients/index.html]
[propeltech.co.uk/media/oopfkwok/techin24_blogimage95ae.jpg]
[propeltech.co.uk/insight/future-gazing-tech-predictions-for-2024/index.html]
[propeltech.co.uk/media/hyuh5fme/the-problem-with-switching-b2b-partners3a35.jpg]
[propeltech.co.uk/insight/the-problem-with-switching-software-supplier/index.html]
[propeltech.co.uk/media/b4sbqx5h/blog-person-image-hasand3c8.jpg]
[propeltech.co.uk/insight/a-day-in-the-life-of-a-graduate-developer/index.html]
[propeltech.co.uk/media/o32gdap0/blog-person-image-jacob0031.jpg]
[propeltech.co.uk/insight/what-the-launch-of-net-8-means-to-an-up-and-coming-developer/index.html]
[propeltech.co.uk/media/zb0hcorh/blog-person-image-iain00b0.jpg]
[propeltech.co.uk/media/0zof5vjv/20230824_154132-1cbf4.jpg]
[propeltech.co.uk/insight/the-changing-role-of-the-software-tester/index.html]
[propeltech.co.uk/media/dkdpc4hk/screen-shot-2023-08-25-at-1404195341.png]
[propeltech.co.uk/insight/my-summer-internship-at-propel-tech/index.html]
[propeltech.co.uk/media/qgghm5lv/blog-person-image-josh2daa.jpg]
[propeltech.co.uk/insight/cms-review-umbraco/index.html]
[propeltech.co.uk/media/a3egv12d/blog-cms-banner64f3.jpg]
[propeltech.co.uk/insight/a-flexible-and-responsive-solution-for-the-uk-s-leading-auction-house/index.html]
[propeltech.co.uk/media/3w3kbsxi/blog-person-image-ben7c30.jpg]
[propeltech.co.uk/insight/my-take-on-owasp-list-updates-by-ben-hopper/index.html]
[propeltech.co.uk/media/zzogeetz/blog-rebrand4a72.png]
[propeltech.co.uk/insight/12-months-since-our-rebrand-how-s-it-working-out-for-us/index.html]
[propeltech.co.uk/media/2yejoso1/whitepaper-blog-banner5b9f.jpg]
[propeltech.co.uk/insight/meet-neil-our-senior-cloud-developer/index.html]
[propeltech.co.uk/media/gkxdk2c3/blog-person-image-neilaeeb.jpg]
[propeltech.co.uk/media/nsifvs3t/aman8fc4.png]
[propeltech.co.uk/insight/i-was-that-girl-by-aman-kaur-project-manager-at-propel-tech/index.html]
[propeltech.co.uk/media/qp5nx2sl/benefits-mondaybd77.jpg]
[propeltech.co.uk/insight/goodbye-blue-monday-hello-benefit-monday/index.html]
[propeltech.co.uk/media/l42krs4b/charity-of-the-yearccc8.jpg]
[propeltech.co.uk/insight/we-have-chosen-wakefield-hospice-as-our-charity-of-the-year/index.html]
[propeltech.co.uk/media/4b4jhjcn/st-georges-food6966.jpg]
[propeltech.co.uk/insight/we-re-proud-to-be-supporting-st-george-s-food-bank-this-christmas/index.html]
[propeltech.co.uk/insight/a-day-in-the-life-of-a-software-developer-at-propel-tech/index.html]
[propeltech.co.uk/media/itjh3c24/blog-charlie5449.jpg]
[propeltech.co.uk/insight/meeting-the-next-generation-of-technology-experts/index.html]
[propeltech.co.uk/media/ybxb2i3y/graduate-careers-faire67a.jpg]
[propeltech.co.uk/media/cnyemnuh/sustainability-tech2126.jpg]
[propeltech.co.uk/media/ky1au3tf/invest-in-automated-processes79ea.jpg]
[propeltech.co.uk/insights/indexc575.html]
[propeltech.co.uk/insight/why-businesses-should-invest-in-automated-processes/index.html]
[propeltech.co.uk/insights/index235c.html]
[propeltech.co.uk/media/3w3kbsxi/blog-person-image-ben86a1.jpg]
[propeltech.co.uk/insight/my-take-on-owasp-list-updates-by-ben-hopper/index.html]
[propeltech.co.uk/media/zzogeetz/blog-rebrand078d.png]
[propeltech.co.uk/insight/12-months-since-our-rebrand-how-s-it-working-out-for-us/index.html]
[propeltech.co.uk/media/gkxdk2c3/blog-person-image-neilde9d.jpg]
[propeltech.co.uk/media/amlhk3og/profile_neil_hewitt680c.jpg]
[propeltech.co.uk/insight/meet-neil-our-senior-cloud-developer/index.html]
[propeltech.co.uk/media/nsifvs3t/aman2945.png]
[propeltech.co.uk/insight/i-was-that-girl-by-aman-kaur-project-manager-at-propel-tech/index.html]
[propeltech.co.uk/media/qp5nx2sl/benefits-mondayc565.jpg]
[propeltech.co.uk/media/smandqkz/unlocking-possibilities-propel3640.jpg]
[propeltech.co.uk/media/4mfb50sy/team-at-propel38e9.jpg]
[propeltech.co.uk/insight/goodbye-blue-monday-hello-benefit-monday/index.html]
[propeltech.co.uk/media/l42krs4b/charity-of-the-year562f.jpg]
[propeltech.co.uk/media/rhdp3f14/hannah-starkey-hr-propel00f5.jpg]
[propeltech.co.uk/insight/we-have-chosen-wakefield-hospice-as-our-charity-of-the-year/index.html]
[propeltech.co.uk/insights.html]
[propeltech.co.uk/media/4b4jhjcn/st-georges-food8da4.jpg]
[propeltech.co.uk/media/sofpeof0/st-georges-food-bankf960.jpg]
[propeltech.co.uk/media/m3zp0tvu/st-georges-food-bank-christmasf960.jpg]
[propeltech.co.uk/media/gr3h2xbl/propel-christmas-windowsf960.jpg]
[propeltech.co.uk/insight/we-re-proud-to-be-supporting-st-george-s-food-bank-this-christmas/index.html]
[propeltech.co.uk/media/itjh3c24/blog-charliefccc.jpg]
[propeltech.co.uk/media/v23fpym4/charlie_software_dev3853.jpg]
[propeltech.co.uk/insight/a-day-in-the-life-of-a-software-developer-at-propel-tech/index.html]
[propeltech.co.uk/media/ybxb2i3y/graduate-careers-fairfcca.jpg]
[propeltech.co.uk/insight/meeting-the-next-generation-of-technology-experts/index.html]
[propeltech.co.uk/media/ky1au3tf/invest-in-automated-processes4cc5.jpg]
[propeltech.co.uk/insight/why-businesses-should-invest-in-automated-processes/index.html]
[propeltech.co.uk/insight/get-the-most-out-of-careers-fairs/index.html]
[propeltech.co.uk/media/qwrem4xd/careers-fairsbd4f.jpg]
[propeltech.co.uk/media/blifarns/propel-sponsor133d.jpg]
[propeltech.co.uk/media/aoiftuap/propel-awarded-g-cloud13292c.jpg]
[propeltech.co.uk/insight/propel-tech-awarded-position-on-g-cloud-13/index.html]
[propeltech.co.uk/media/bwtbzkmu/testing-automation39dc.png]
[propeltech.co.uk/insight/why-testing-automation-is-essential-in-businesses/index.html]
[propeltech.co.uk/insight/we-have-welcomed-three-new-members-to-the-team/index.html]
[propeltech.co.uk/media/zodlgdkt/propel-newstarters5807.jpg]
[propeltech.co.uk/media/vrfeyi1h/martinintern-propel3070.jpg]
[propeltech.co.uk/insight/reset-and-refresh-your-technology-goals-this-september/index.html]
[propeltech.co.uk/media/ewwmv0cn/technology-goals-septembere359.jpg]
[propeltech.co.uk/media/t4vjsuf4/database-securitybb84.jpg]
[propeltech.co.uk/insight/how-cloud-computing-can-evolve-your-business/index.html]
[propeltech.co.uk/media/rmoasz0a/propel-digital-mindsetd39d.jpg]
[propeltech.co.uk/media/oelie05g/sustainable-software-development2c02.jpg]
[propeltech.co.uk/insight/progress-openedge-lts-long-term-support-with-propel-tech/index.html]
[propeltech.co.uk/insight/propel-tech-attended-the-progress-user-group-summer-conference-2022/index.html]
[propeltech.co.uk/media/5vsjp3qa/propel-at-the-pug-conference-2022518f.jpg]
[propeltech.co.uk/media/sl3b2lpu/amazon_apn_select_tierdf4b.jpg]
[propeltech.co.uk/insights/index235c.html]
[propeltech.co.uk/insights/indexfdfa.html]
[propeltech.co.uk/insights.html]
[propeltech.co.uk/insights4658.html]
[propeltech.co.uk/insight/propel-tech-become-an-aws-select-tier-services-partner/index.html]
[propeltech.co.uk/media/qwrem4xd/careers-fairs5ddc.jpg]
[propeltech.co.uk/insight/get-the-most-out-of-careers-fairs/index.html]
[propeltech.co.uk/media/aoiftuap/propel-awarded-g-cloud134ac2.jpg]
[propeltech.co.uk/insight/propel-tech-awarded-position-on-g-cloud-13/index.html]
[propeltech.co.uk/media/bwtbzkmu/testing-automation6372.png]
[propeltech.co.uk/insight/why-testing-automation-is-essential-in-businesses/index.html]
[propeltech.co.uk/media/zodlgdkt/propel-newstartersb3fe.jpg]
[propeltech.co.uk/media/im2pjgeu/new-starters-propel5bd3.jpg]
[propeltech.co.uk/insight/we-have-welcomed-three-new-members-to-the-team/index.html]
[propeltech.co.uk/media/ewwmv0cn/technology-goals-september9206.jpg]
[propeltech.co.uk/insight/reset-and-refresh-your-technology-goals-this-september/index.html]
[propeltech.co.uk/media/t4vjsuf4/database-securityf526.jpg]
[propeltech.co.uk/insight/how-cloud-computing-can-evolve-your-business/index.html]
[propeltech.co.uk/media/oelie05g/sustainable-software-development9f99.jpg]
[propeltech.co.uk/insight/progress-openedge-lts-long-term-support-with-propel-tech/index.html]
[propeltech.co.uk/media/5vsjp3qa/propel-at-the-pug-conference-20229ce5.jpg]
[propeltech.co.uk/media/1axnnvhs/progress-user-group-summer-conference-2022b6ac.jpg]
[propeltech.co.uk/media/iqdk55zs/openedge-roadmapb6ac.jpg]
[propeltech.co.uk/media/3j0fdkpm/propel-at-the-pug-conference-2022b6ac.jpg]
[propeltech.co.uk/insight/propel-tech-attended-the-progress-user-group-summer-conference-2022/index.html]
[propeltech.co.uk/media/sl3b2lpu/amazon_apn_select_tier70c1.jpg]
[propeltech.co.uk/insight/propel-tech-become-an-aws-select-tier-services-partner/index.html]
[propeltech.co.uk/media/qwilycg5/poster-1-2x-100121d.jpg]
[propeltech.co.uk/insight/pace-it-rebrands-to-propel/index.html]
[propeltech.co.uk/media/o01o1son/group-planning-with-whiteboardc746.jpg]
[propeltech.co.uk/insight/developing-a-robust-systems-modernisation-roadmap/index.html]
[propeltech.co.uk/insight/what-is-digital-transformation/index.html]
[propeltech.co.uk/media/yl4n3mf0/digital-transformation-cropped729f8d.jpg]
[propeltech.co.uk/media/3zpbebr3/team-laptop177d.jpg]
[propeltech.co.uk/insight/creating-stakeholder-buy-in-for-new-software-projects/index.html]
[propeltech.co.uk/media/ud3b51yl/integration-illustration7bc8.png]
[propeltech.co.uk/insight/how-does-it-system-integration-add-value-to-your-business-processes/index.html]
[propeltech.co.uk/media/31olviq4/mobile-app-planning-with-whiteboard7279c3.jpg]
[propeltech.co.uk/insight/cross-platform-mobile-development/index.html]
[propeltech.co.uk/media/j15k1p5v/database-security72308c.jpg]
[propeltech.co.uk/insight/how-to-ensure-database-security/index.html]
[propeltech.co.uk/media/ey1nubb0/challenges727b1b.jpg]
[propeltech.co.uk/insight/top-5-software-application-support-challenges/index.html]
[propeltech.co.uk/media/gepkacfx/northern-image0d2d.jpg]
[propeltech.co.uk/insights/indexfdfa.html]
[propeltech.co.uk/insights2679.html]
[propeltech.co.uk/insights4658.html]
[propeltech.co.uk/insight/northern-tech-top-100-award-2020/index.html]
[propeltech.co.uk/insights9ba9.html]
[propeltech.co.uk/media/qwilycg5/poster-1-2x-100083c.jpg]
[propeltech.co.uk/insight/pace-it-rebrands-to-propel/index.html]
[propeltech.co.uk/media/o01o1son/group-planning-with-whiteboardca60.jpg]
[propeltech.co.uk/insight/developing-a-robust-systems-modernisation-roadmap/index.html]
[propeltech.co.uk/media/yl4n3mf0/digital-transformation-cropped72e75d.jpg]
[propeltech.co.uk/insight/what-is-digital-transformation/index.html]
[propeltech.co.uk/media/3zpbebr3/team-laptopa08c.jpg]
[propeltech.co.uk/insight/creating-stakeholder-buy-in-for-new-software-projects/index.html]
[propeltech.co.uk/media/ud3b51yl/integration-illustration01d2.png]
[propeltech.co.uk/insight/how-does-it-system-integration-add-value-to-your-business-processes/index.html]
[propeltech.co.uk/media/31olviq4/mobile-app-planning-with-whiteboard72d032.jpg]
[propeltech.co.uk/insight/cross-platform-mobile-development/index.html]
[propeltech.co.uk/media/j15k1p5v/database-security72da96.jpg]
[propeltech.co.uk/insight/how-to-ensure-database-security/index.html]
[propeltech.co.uk/media/ey1nubb0/challenges723946.jpg]
[propeltech.co.uk/insight/top-5-software-application-support-challenges/index.html]
[propeltech.co.uk/media/gepkacfx/northern-imagea7b9.jpg]
[propeltech.co.uk/insight/northern-tech-top-100-award-2020/index.html]
[propeltech.co.uk/insights2679.html]
[propeltech.co.uk/insights9ba9.html]
[propeltech.co.uk/insightsfdb0.html]
[propeltech.co.uk/insightsfdb0.html]
[propeltech.co.uk/insightsaf4d.html]
[propeltech.co.uk/insightsaf4d.html]
[propeltech.co.uk/insightsc575.html]
[propeltech.co.uk/insightsc575.html]
[propeltech.co.uk/insights235c.html]
[propeltech.co.uk/insights235c.html]
[propeltech.co.uk/insightsfdfa.html]
[propeltech.co.uk/insightsfdfa.html]
